Component: ARM Compiler 5.06 update 4 (build 422) Tool: armlink [4d35d2]

==============================================================================

Section Cross References

    startup_stm32f427xx.o(RESET) refers to startup_stm32f427xx.o(STACK) for __initial_sp
    startup_stm32f427xx.o(RESET) refers to startup_stm32f427xx.o(.text) for Reset_Handler
    startup_stm32f427xx.o(RESET) refers to stm32f4xx_it.o(i.NMI_Handler) for NMI_Handler
    startup_stm32f427xx.o(RESET) refers to stm32f4xx_it.o(i.HardFault_Handler) for HardFault_Handler
    startup_stm32f427xx.o(RESET) refers to stm32f4xx_it.o(i.MemManage_Handler) for MemManage_Handler
    startup_stm32f427xx.o(RESET) refers to stm32f4xx_it.o(i.BusFault_Handler) for BusFault_Handler
    startup_stm32f427xx.o(RESET) refers to stm32f4xx_it.o(i.UsageFault_Handler) for UsageFault_Handler
    startup_stm32f427xx.o(RESET) refers to stm32f4xx_it.o(i.SVC_Handler) for SVC_Handler
    startup_stm32f427xx.o(RESET) refers to stm32f4xx_it.o(i.DebugMon_Handler) for DebugMon_Handler
    startup_stm32f427xx.o(RESET) refers to stm32f4xx_it.o(i.PendSV_Handler) for PendSV_Handler
    startup_stm32f427xx.o(RESET) refers to stm32f4xx_it.o(i.SysTick_Handler) for SysTick_Handler
    startup_stm32f427xx.o(RESET) refers to stm32f4xx_it.o(i.CAN1_TX_IRQHandler) for CAN1_TX_IRQHandler
    startup_stm32f427xx.o(RESET) refers to stm32f4xx_it.o(i.CAN1_RX0_IRQHandler) for CAN1_RX0_IRQHandler
    startup_stm32f427xx.o(RESET) refers to stm32f4xx_it.o(i.USART1_IRQHandler) for USART1_IRQHandler
    startup_stm32f427xx.o(RESET) refers to stm32f4xx_it.o(i.EXTI15_10_IRQHandler) for EXTI15_10_IRQHandler
    startup_stm32f427xx.o(RESET) refers to stm32f4xx_it.o(i.TIM6_DAC_IRQHandler) for TIM6_DAC_IRQHandler
    startup_stm32f427xx.o(RESET) refers to stm32f4xx_it.o(i.DMA2_Stream1_IRQHandler) for DMA2_Stream1_IRQHandler
    startup_stm32f427xx.o(RESET) refers to stm32f4xx_it.o(i.DMA2_Stream2_IRQHandler) for DMA2_Stream2_IRQHandler
    startup_stm32f427xx.o(RESET) refers to stm32f4xx_it.o(i.DMA2_Stream6_IRQHandler) for DMA2_Stream6_IRQHandler
    startup_stm32f427xx.o(RESET) refers to stm32f4xx_it.o(i.USART6_IRQHandler) for USART6_IRQHandler
    startup_stm32f427xx.o(.text) refers to system_stm32f4xx.o(i.SystemInit) for SystemInit
    startup_stm32f427xx.o(.text) refers to entry.o(.ARM.Collect$$$$00000000) for __main
    main.o(i.SystemClock_Config) refers to stm32f4xx_hal_rcc.o(i.HAL_RCC_OscConfig) for HAL_RCC_OscConfig
    main.o(i.SystemClock_Config) refers to stm32f4xx_hal_rcc.o(i.HAL_RCC_ClockConfig) for HAL_RCC_ClockConfig
    main.o(i.SystemClock_Config) refers to stm32f4xx_hal_rcc.o(i.HAL_RCC_GetHCLKFreq) for HAL_RCC_GetHCLKFreq
    main.o(i.SystemClock_Config) refers to stm32f4xx_hal_cortex.o(i.HAL_SYSTICK_Config) for HAL_SYSTICK_Config
    main.o(i.SystemClock_Config) refers to stm32f4xx_hal_cortex.o(i.HAL_SYSTICK_CLKSourceConfig) for HAL_SYSTICK_CLKSourceConfig
    main.o(i.SystemClock_Config) refers to stm32f4xx_hal_cortex.o(i.HAL_NVIC_SetPriority) for HAL_NVIC_SetPriority
    main.o(i.main) refers to stm32f4xx_hal.o(i.HAL_Init) for HAL_Init
    main.o(i.main) refers to main.o(i.SystemClock_Config) for SystemClock_Config
    main.o(i.main) refers to gpio.o(i.MX_GPIO_Init) for MX_GPIO_Init
    main.o(i.main) refers to dma.o(i.MX_DMA_Init) for MX_DMA_Init
    main.o(i.main) refers to spi.o(i.MX_SPI5_Init) for MX_SPI5_Init
    main.o(i.main) refers to tim.o(i.MX_TIM2_Init) for MX_TIM2_Init
    main.o(i.main) refers to tim.o(i.MX_TIM6_Init) for MX_TIM6_Init
    main.o(i.main) refers to usart.o(i.MX_USART1_UART_Init) for MX_USART1_UART_Init
    main.o(i.main) refers to usart.o(i.MX_USART6_UART_Init) for MX_USART6_UART_Init
    main.o(i.main) refers to can.o(i.MX_CAN1_Init) for MX_CAN1_Init
    main.o(i.main) refers to stm32f4xx_hal_cortex.o(i.HAL_NVIC_SetPriority) for HAL_NVIC_SetPriority
    main.o(i.main) refers to stm32f4xx_hal_cortex.o(i.HAL_NVIC_EnableIRQ) for HAL_NVIC_EnableIRQ
    main.o(i.main) refers to bsp_uart.o(i.uart_init) for uart_init
    main.o(i.main) refers to stm32f4xx_hal_tim.o(i.HAL_TIM_Base_Start_IT) for HAL_TIM_Base_Start_IT
    main.o(i.main) refers to stm32f4xx_hal_can.o(i.HAL_CAN_Start) for HAL_CAN_Start
    main.o(i.main) refers to imu.o(i.mpu_device_init) for mpu_device_init
    main.o(i.main) refers to imu.o(i.init_quaternion) for init_quaternion
    main.o(i.main) refers to iotask.o(i.AppParamInit) for AppParamInit
    main.o(i.main) refers to q6623.o(i.Motor_Init) for Motor_Init
    main.o(i.main) refers to gimbal_task.o(i.Ref_Gimbal_Prepare) for Ref_Gimbal_Prepare
    main.o(i.main) refers to imu.o(i.imu_run) for imu_run
    main.o(i.main) refers to imu.o(i.get_pitchyaw) for get_pitchyaw
    main.o(i.main) refers to gimbal_task.o(i.Ref_UpdataFromRCStick) for Ref_UpdataFromRCStick
    main.o(i.main) refers to minipc.o(i.Send_MiniPC) for Send_MiniPC
    main.o(i.main) refers to stm32f4xx_hal.o(i.HAL_Delay) for HAL_Delay
[...]
    i.NVIC_SetPriority                       0x08003276   Section        0  stm32f4xx_hal_cortex.o(i.NVIC_SetPriority)
    NVIC_SetPriority                         0x08003277   Thumb Code    32  stm32f4xx_hal_cortex.o(i.NVIC_SetPriority)
    i.PID_Calc                               0x08003296   Section        0  pid.o(i.PID_Calc)
    i.PID_Reset                              0x0800332c   Section        0  pid.o(i.PID_Reset)
    i.PID_Task                               0x08003368   Section        0  pid.o(i.PID_Task)
    i.PendSV_Handler                         0x0800337a   Section        0  stm32f4xx_it.o(i.PendSV_Handler)
    i.Ref_Gimbal_Prepare                     0x0800337c   Section        0  gimbal_task.o(i.Ref_Gimbal_Prepare)
    i.Ref_UpdataFromRCStick                  0x080033d4   Section        0  gimbal_task.o(i.Ref_UpdataFromRCStick)
    i.SPI_CheckFlag_BSY                      0x08003498   Section        0  stm32f4xx_hal_spi.o(i.SPI_CheckFlag_BSY)
    SPI_CheckFlag_BSY                        0x08003499   Thumb Code    32  stm32f4xx_hal_spi.o(i.SPI_CheckFlag_BSY)
    i.SPI_WaitFlagStateUntilTimeout          0x080034b8   Section        0  stm32f4xx_hal_spi.o(i.SPI_WaitFlagStateUntilTimeout)
    SPI_WaitFlagStateUntilTimeout            0x080034b9   Thumb Code   150  stm32f4xx_hal_spi.o(i.SPI_WaitFlagStateUntilTimeout)
    i.SVC_Handler                            0x0800354e   Section        0  stm32f4xx_it.o(i.SVC_Handler)
    i.Send_MiniPC                            0x08003550   Section        0  minipc.o(i.Send_MiniPC)
    i.Sensor_Offset_Param_Init               0x080035fc   Section        0  iotask.o(i.Sensor_Offset_Param_Init)
    i.SetGimbalMotorOutput                   0x08003628   Section        0  gimbal.o(i.SetGimbalMotorOutput)
    i.SmoothSigmoid                          0x08003668   Section        0  angle.o(i.SmoothSigmoid)
    i.SysTick_Handler                        0x08003780   Section        0  stm32f4xx_it.o(i.SysTick_Handler)
    i.SystemClock_Config                     0x08003790   Section        0  main.o(i.SystemClock_Config)
    i.SystemInit                             0x08003830   Section        0  system_stm32f4xx.o(i.SystemInit)
    i.TIM6_DAC_IRQHandler                    0x08003884   Section        0  stm32f4xx_it.o(i.TIM6_DAC_IRQHandler)
    i.TIM_Base_SetConfig                     0x08003890   Section        0  stm32f4xx_hal_tim.o(i.TIM_Base_SetConfig)
    i.TIM_ETR_SetConfig                      0x08003950   Section        0  stm32f4xx_hal_tim.o(i.TIM_ETR_SetConfig)
    TIM_ETR_SetConfig                        0x08003951   Thumb Code    20  stm32f4xx_hal_tim.o(i.TIM_ETR_SetConfig)
    i.TIM_ITRx_SetConfig                     0x08003964   Section        0  stm32f4xx_hal_tim.o(i.TIM_ITRx_SetConfig)
    TIM_ITRx_SetConfig                       0x08003965   Thumb Code    16  stm32f4xx_hal_tim.o(i.TIM_ITRx_SetConfig)
    i.TIM_TI1_ConfigInputStage               0x08003974   Section        0  stm32f4xx_hal_tim.o(i.TIM_TI1_ConfigInputStage)
    TIM_TI1_ConfigInputStage                 0x08003975   Thumb Code    34  stm32f4xx_hal_tim.o(i.TIM_TI1_ConfigInputStage)
    i.TIM_TI2_ConfigInputStage               0x08003996   Section        0  stm32f4xx_hal_tim.o(i.TIM_TI2_ConfigInputStage)
    TIM_TI2_ConfigInputStage                 0x08003997   Thumb Code    36  stm32f4xx_hal_tim.o(i.TIM_TI2_ConfigInputStage)
    i.UART_DMAAbortOnError                   0x080039ba   Section        0  stm32f4xx_hal_uart.o(i.UART_DMAAbortOnError)
    UART_DMAAbortOnError                     0x080039bb   Thumb Code    16  stm32f4xx_hal_uart.o(i.UART_DMAAbortOnError)
    i.UART_DMAError                          0x080039ca   Section        0  stm32f4xx_hal_uart.o(i.UART_DMAError)
    UART_DMAError                            0x080039cb   Thumb Code    74  stm32f4xx_hal_uart.o(i.UART_DMAError)
    i.UART_DMAReceiveCplt                    0x08003a14   Section        0  stm32f4xx_hal_uart.o(i.UART_DMAReceiveCplt)
    UART_DMAReceiveCplt                      0x08003a15   Thumb Code    60  stm32f4xx_hal_uart.o(i.UART_DMAReceiveCplt)
    i.UART_DMARxHalfCplt                     0x08003a50   Section        0  stm32f4xx_hal_uart.o(i.UART_DMARxHalfCplt)
    UART_DMARxHalfCplt                       0x08003a51   Thumb Code    10  stm32f4xx_hal_uart.o(i.UART_DMARxHalfCplt)
    i.UART_DMATransmitCplt                   0x08003a5a   Section        0  stm32f4xx_hal_uart.o(i.UART_DMATransmitCplt)
    UART_DMATransmitCplt                     0x08003a5b   Thumb Code    46  stm32f4xx_hal_uart.o(i.UART_DMATransmitCplt)
    i.UART_DMATxHalfCplt                     0x08003a88   Section        0  stm32f4xx_hal_uart.o(i.UART_DMATxHalfCplt)
    UART_DMATxHalfCplt                       0x08003a89   Thumb Code    10  stm32f4xx_hal_uart.o(i.UART_DMATxHalfCplt)
    i.UART_EndRxTransfer                     0x08003a92   Section        0  stm32f4xx_hal_uart.o(i.UART_EndRxTransfer)
    UART_EndRxTransfer                       0x08003a93   Thumb Code    28  stm32f4xx_hal_uart.o(i.UART_EndRxTransfer)
    i.UART_EndTxTransfer                     0x08003aae   Section        0  stm32f4xx_hal_uart.o(i.UART_EndTxTransfer)
    UART_EndTxTransfer                       0x08003aaf   Thumb Code    18  stm32f4xx_hal_uart.o(i.UART_EndTxTransfer)
    i.UART_Receive_IT                        0x08003ac0   Section        0  stm32f4xx_hal_uart.o(i.UART_Receive_IT)
    UART_Receive_IT                          0x08003ac1   Thumb Code   140  stm32f4xx_hal_uart.o(i.UART_Receive_IT)
    i.UART_SetConfig                         0x08003b4c   Section        0  stm32f4xx_hal_uart.o(i.UART_SetConfig)
    UART_SetConfig                           0x08003b4d   Thumb Code   676  stm32f4xx_hal_uart.o(i.UART_SetConfig)
    i.UART_Transmit_IT                       0x08003df8   Section        0  stm32f4xx_hal_uart.o(i.UART_Transmit_IT)
    UART_Transmit_IT                         0x08003df9   Thumb Code    98  stm32f4xx_hal_uart.o(i.UART_Transmit_IT)
    i.USART1_IRQHandler                      0x08003e5c   Section        0  stm32f4xx_it.o(i.USART1_IRQHandler)
    i.USART6_IRQHandler                      0x08003e74   Section        0  stm32f4xx_it.o(i.USART6_IRQHandler)
    i.UsageFault_Handler                     0x08003ed4   Section        0  stm32f4xx_it.o(i.UsageFault_Handler)
    i._Error_Handler                         0x08003ed6   Section        0  main.o(i._Error_Handler)
    i.__ARM_fpclassify                       0x08003ed8   Section        0  fpclassify.o(i.__ARM_fpclassify)
    i.__hardfp_asin                          0x08003f08   Section        0  asin.o(i.__hardfp_asin)
    i.__hardfp_atan                          0x08004268   Section        0  atan.o(i.__hardfp_atan)
    i.__hardfp_atan2                         0x08004540   Section        0  atan2.o(i.__hardfp_atan2)
    i.__hardfp_fabs                          0x08004730   Section        0  fabs.o(i.__hardfp_fabs)
    i.__hardfp_pow                           0x08004748   Section        0  pow.o(i.__hardfp_pow)
    i.__hardfp_sqrt                          0x08005398   Section        0  sqrt.o(i.__hardfp_sqrt)
    i.__kernel_poly                          0x08005412   Section        0  poly.o(i.__kernel_poly)
    i.__mathlib_dbl_divzero                  0x08005510   Section        0  dunder.o(i.__mathlib_dbl_divzero)
    i.__mathlib_dbl_infnan                   0x08005540   Section        0  dunder.o(i.__mathlib_dbl_infnan)
    i.__mathlib_dbl_infnan2                  0x08005554   Section        0  dunder.o(i.__mathlib_dbl_infnan2)
    i.__mathlib_dbl_invalid                  0x08005568   Section        0  dunder.o(i.__mathlib_dbl_invalid)
    i.__mathlib_dbl_overflow                 0x08005588   Section        0  dunder.o(i.__mathlib_dbl_overflow)
    i.__mathlib_dbl_underflow                0x080055a8   Section        0  dunder.o(i.__mathlib_dbl_underflow)
    i.__scatterload_copy                     0x080055c8   Section       14  handlers.o(i.__scatterload_copy)
    i.__scatterload_null                     0x080055d6   Section        2  handlers.o(i.__scatterload_null)
    i.__scatterload_zeroinit                 0x080055d8   Section       14  handlers.o(i.__scatterload_zeroinit)
    i.__set_errno                            0x080055e8   Section        0  errno.o(i.__set_errno)
    i.atan                                   0x080055f4   Section        0  atan.o(i.atan)
    i.bufferPop                              0x08005604   Section        0  bsp_data.o(i.bufferPop)
    i.bufferPush                             0x08005632   Section        0  bsp_data.o(i.bufferPush)
    i.buffer_multiPop                        0x08005664   Section        0  bsp_data.o(i.buffer_multiPop)
    i.bufferlen                              0x0800568a   Section        0  bsp_data.o(i.bufferlen)
    i.fabs                                   0x0800569a   Section        0  fabs.o(i.fabs)
    i.get_pitchyaw                           0x080056b4   Section        0  imu.o(i.get_pitchyaw)
    i.gimbal_send                            0x0800578c   Section        0  q6623.o(i.gimbal_send)
    i.imu_ahrs_update                        0x080057b4   Section        0  imu.o(i.imu_ahrs_update)
    i.imu_attitude_update                    0x08005c60   Section        0  imu.o(i.imu_attitude_update)
    i.imu_run                                0x08005dd4   Section        0  imu.o(i.imu_run)
    i.init_quaternion                        0x08005de8   Section        0  imu.o(i.init_quaternion)
    i.inv_sqrt                               0x08005fb4   Section        0  imu.o(i.inv_sqrt)
    i.ist8310_get_data                       0x08005fe0   Section        0  imu.o(i.ist8310_get_data)
    i.ist8310_init                           0x08005fea   Section        0  imu.o(i.ist8310_init)
    i.ist_reg_read_by_mpu                    0x080060ea   Section        0  imu.o(i.ist_reg_read_by_mpu)
    ist_reg_read_by_mpu                      0x080060eb   Thumb Code    56  imu.o(i.ist_reg_read_by_mpu)
    i.ist_reg_write_by_mpu                   0x08006122   Section        0  imu.o(i.ist_reg_write_by_mpu)
    ist_reg_write_by_mpu                     0x08006123   Thumb Code    66  imu.o(i.ist_reg_write_by_mpu)
    i.main                                   0x08006164   Section        0  main.o(i.main)
    i.mpu_device_init                        0x08006248   Section        0  imu.o(i.mpu_device_init)
    i.mpu_get_data                           0x080062ac   Section        0  imu.o(i.mpu_get_data)
    i.mpu_master_i2c_auto_read_config        0x080063ac   Section        0  imu.o(i.mpu_master_i2c_auto_read_config)
    mpu_master_i2c_auto_read_config          0x080063ad   Thumb Code   142  imu.o(i.mpu_master_i2c_auto_read_config)
    i.mpu_offset_call                        0x0800643c   Section        0  imu.o(i.mpu_offset_call)
    i.mpu_read_byte                          0x080064e0   Section        0  imu.o(i.mpu_read_byte)
    i.mpu_read_bytes                         0x08006530   Section        0  imu.o(i.mpu_read_bytes)
    i.mpu_set_accel_fsr                      0x0800658c   Section        0  imu.o(i.mpu_set_accel_fsr)
    i.mpu_set_gyro_fsr                       0x08006596   Section        0  imu.o(i.mpu_set_gyro_fsr)
    i.mpu_write_byte                         0x080065a0   Section        0  imu.o(i.mpu_write_byte)
    i.rc_callback_handler                    0x080065f4   Section        0  bsp_uart.o(i.rc_callback_handler)
    i.sqrt                                   0x08006682   Section        0  sqrt.o(i.sqrt)
    i.uart_init                              0x080066f0   Section        0  bsp_uart.o(i.uart_init)
    i.uart_receive_handler                   0x08006738   Section        0  bsp_uart.o(i.uart_receive_handler)
    .constdata                               0x08006798   Section       20  imu.o(.constdata)
    .constdata                               0x080067ac   Section        8  stm32f4xx_hal_dma.o(.constdata)
    flagBitshiftOffset                       0x080067ac   Data           8  stm32f4xx_hal_dma.o(.constdata)
    .constdata                               0x080067b4   Section       16  system_stm32f4xx.o(.constdata)
    .constdata                               0x080067c4   Section        8  system_stm32f4xx.o(.constdata)
    .constdata                               0x080067d0   Section       80  asin.o(.constdata)
    pS                                       0x080067d0   Data          48  asin.o(.constdata)
    qS                                       0x08006800   Data          32  asin.o(.constdata)
    .constdata                               0x08006820   Section      136  pow.o(.constdata)
    bp                                       0x08006820   Data          16  pow.o(.constdata)
    dp_h                                     0x08006830   Data          16  pow.o(.constdata)
    dp_l                                     0x08006840   Data          16  pow.o(.constdata)
    L                                        0x08006850   Data          48  pow.o(.constdata)
    P                                        0x08006880   Data          40  pow.o(.constdata)
    .constdata                               0x080068a8   Section      152  atan.o(.constdata)
    atanhi                                   0x080068a8   Data          32  atan.o(.constdata)
    atanlo                                   0x080068c8   Data          32  atan.o(.constdata)
    aTodd                                    0x080068e8   Data          40  atan.o(.constdata)
    aTeven                                   0x08006910   Data          48  atan.o(.constdata)
    .constdata                               0x08006940   Section        8  qnan.o(.constdata)
    .data                                    0x20000000   Section        8  stm32f4xx_it.o(.data)
    .data                                    0x20000008   Section        2  angle.o(.data)
    .data                                    0x2000000c   Section      344  gimbal.o(.data)
    .data                                    0x20000164   Section      112  imu.o(.data)
    tx                                       0x20000164   Data           1  imu.o(.data)
    rx                                       0x20000165   Data           1  imu.o(.data)
    yaw_count                                0x2000017c   Data           4  imu.o(.data)
    time                                     0x20000180   Data           4  imu.o(.data)
    gx                                       0x20000190   Data           4  imu.o(.data)
    gy                                       0x20000194   Data           4  imu.o(.data)
    gz                                       0x20000198   Data           4  imu.o(.data)
    ax                                       0x2000019c   Data           4  imu.o(.data)
    ay                                       0x200001a0   Data           4  imu.o(.data)
    az                                       0x200001a4   Data           4  imu.o(.data)
    mx                                       0x200001a8   Data           4  imu.o(.data)
    my                                       0x200001ac   Data           4  imu.o(.data)
    mz                                       0x200001b0   Data           4  imu.o(.data)
    tx_buff                                  0x200001c6   Data          14  imu.o(.data)
    .data                                    0x200001d4   Section       20  minipc.o(.data)
    Res_OK                                   0x200001d4   Data           1  minipc.o(.data)
    i                                        0x200001d5   Data           1  minipc.o(.data)
    sumY                                     0x200001dc   Data           4  minipc.o(.data)
    sumP                                     0x200001e0   Data           4  minipc.o(.data)
    sumD                                     0x200001e4   Data           4  minipc.o(.data)
    .data                                    0x200001e8   Section       32  q6623.o(.data)
    .data                                    0x20000208   Section        8  can_send.o(.data)
    .data                                    0x20000210   Section       68  iotask.o(.data)
    loopCount                                0x20000212   Data           2  iotask.o(.data)
    loopTime                                 0x20000214   Data           2  iotask.o(.data)
    CaliCmdFlagGrp                           0x2000021c   Data           4  iotask.o(.data)
    loopCount                                0x20000228   Data           4  iotask.o(.data)
    loopTime                                 0x2000022c   Data           4  iotask.o(.data)
    pitchSum                                 0x20000230   Data           4  iotask.o(.data)
    yawSum                                   0x20000234   Data           4  iotask.o(.data)
    gyroXSum                                 0x20000238   Data           4  iotask.o(.data)
    gyroYSum                                 0x2000023c   Data           4  iotask.o(.data)
    gyroZSum                                 0x20000240   Data           4  iotask.o(.data)
    GimbalCaliData                           0x20000248   Data           5  iotask.o(.data)
    GyroCaliData                             0x2000024d   Data           7  iotask.o(.data)
    .data                                    0x20000254   Section       12  stm32f4xx_hal.o(.data)
    .data                                    0x20000260   Section        4  system_stm32f4xx.o(.data)
    .data                                    0x20000264   Section        4  errno.o(.data)
    _errno                                   0x20000264   Data           4  errno.o(.data)
    .bss                                     0x20000268   Section       40  can.o(.bss)
    .bss                                     0x20000290   Section       88  spi.o(.bss)
    .bss                                     0x200002e8   Section      120  tim.o(.bss)
    .bss                                     0x20000360   Section      416  usart.o(.bss)
    .bss                                     0x20000500   Section       28  bsp_uart.o(.bss)
    .bss                                     0x2000051c   Section       80  bsp_uart.o(.bss)
    .bss                                     0x2000056c   Section       16  gimbal_task.o(.bss)
    .bss                                     0x2000057c   Section      140  imu.o(.bss)
    .bss                                     0x20000608   Section     1370  minipc.o(.bss)
    MiniPC_DMA_BUFF                          0x20000a7c   Data         200  minipc.o(.bss)
    frame_temp_mini                          0x20000b44   Data          30  minipc.o(.bss)
    .bss                                     0x20000b64   Section       24  pid.o(.bss)
    .bss                                     0x20000b7c   Section      152  q6623.o(.bss)
    .bss                                     0x20000c14   Section       52  can_send.o(.bss)
    .bss                                     0x20000c48   Section      430  iotask.o(.bss)
    MagCaliData                              0x20000cd1   Data          19  iotask.o(.bss)
    STACK                                    0x20000df8   Section     1024  startup_stm32f427xx.o(STACK)

    Global Symbols

    Symbol Name                              Value     Ov Type        Size  Object(Section)

    BuildAttributes$$THM_ISAv4$E$P$D$K$B$S$7EM$VFPi3$EXTD16$VFPS$VFMA$PE$A:L22UL41UL21$X:L11$S22US41US21$IEEE1$IW$USESV6$~STKCKD$USESV7$~SHL$OTIME$ROPI$IEEEX$EBA8$MICROLIB$REQ8$PRES8$EABIv2 0x00000000   Number         0  anon$$obj.o ABSOLUTE
    __ARM_use_no_argv                        0x00000000   Number         0  main.o ABSOLUTE
    __cpp_initialize__aeabi_                  - Undefined Weak Reference
    __cxa_finalize                            - Undefined Weak Reference
    _clock_init                               - Undefined Weak Reference
    _microlib_exit                            - Undefined Weak Reference
    __Vectors_Size                           0x000001ac   Number         0  startup_stm32f427xx.o ABSOLUTE
    __Vectors                                0x08000000   Data           4  startup_stm32f427xx.o(RESET)
    __Vectors_End                            0x080001ac   Data           0  startup_stm32f427xx.o(RESET)
    __main                                   0x080001ad   Thumb Code     0  entry.o(.ARM.Collect$$$$00000000)
    _main_stk                                0x080001ad   Thumb Code     0  entry2.o(.ARM.Collect$$$$00000001)
    _main_scatterload                        0x080001b1   Thumb Code     0  entry5.o(.ARM.Collect$$$$00000004)
    __main_after_scatterload                 0x080001b5   Thumb Code     0  entry5.o(.ARM.Collect$$$$00000004)
    _main_clock                              0x080001b5   Thumb Code     0  entry7b.o(.ARM.Collect$$$$00000008)
    _main_cpp_init                           0x080001b5   Thumb Code     0  entry8b.o(.ARM.Collect$$$$0000000A)
    _main_init                               0x080001b5   Thumb Code     0  entry9a.o(.ARM.Collect$$$$0000000B)
    __rt_final_cpp                           0x080001bd   Thumb Code     0  entry10a.o(.ARM.Collect$$$$0000000D)
    __rt_final_exit                          0x080001bd   Thumb Code     0  entry11a.o(.ARM.Collect$$$$0000000F)
    Reset_Handler                            0x080001c1   Thumb Code     8  startup_stm32f427xx.o(.text)
    ADC_IRQHandler                           0x080001db   Thumb Code     0  startup_stm32f427xx.o(.text)
    CAN1_RX1_IRQHandler                      0x080001db   Thumb Code     0  startup_stm32f427xx.o(.text)
    CAN1_SCE_IRQHandler                      0x080001db   Thumb Code     0  startup_stm32f427xx.o(.text)
    CAN2_RX0_IRQHandler                      0x080001db   Thumb Code     0  startup_stm32f427xx.o(.text)
    CAN2_RX1_IRQHandler                      0x080001db   Thumb Code     0  startup_stm32f427xx.o(.text)
    CAN2_SCE_IRQHandler                      0x080001db   Thumb Code     0  startup_stm32f427xx.o(.text)
    CAN2_TX_IRQHandler                       0x080001db   Thumb Code     0  startup_stm32f427xx.o(.text)
    DCMI_IRQHandler                          0x080001db   Thumb Code     0  startup_stm32f427xx.o(.text)
    DMA1_Stream0_IRQHandler                  0x080001db   Thumb Code     0  startup_stm32f427xx.o(.text)
    DMA1_Stream1_IRQHandler                  0x080001db   Thumb Code     0  startup_stm32f427xx.o(.text)
    DMA1_Stream2_IRQHandler                  0x080001db   Thumb Code     0  startup_stm32f427xx.o(.text)
    DMA1_Stream3_IRQHandler                  0x080001db   Thumb Code     0  startup_stm32f427xx.o(.text)
    DMA1_Stream4_IRQHandler                  0x080001db   Thumb Code     0  startup_stm32f427xx.o(.text)
    DMA1_Stream5_IRQHandler                  0x080001db   Thumb Code     0  startup_stm32f427xx.o(.text)
    DMA1_Stream6_IRQHandler                  0x080001db   Thumb Code     0  startup_stm32f427xx.o(.text)
    DMA1_Stream7_IRQHandler                  0x080001db   Thumb Code     0  startup_stm32f427xx.o(.text)
    DMA2D_IRQHandler                         0x080001db   Thumb Code     0  startup_stm32f427xx.o(.text)
    DMA2_Stream0_IRQHandler                  0x080001db   Thumb Code     0  startup_stm32f427xx.o(.text)
    DMA2_Stream3_IRQHandler                  0x080001db   Thumb Code     0  startup_stm32f427xx.o(.text)
    DMA2_Stream4_IRQHandler                  0x080001db   Thumb Code     0  startup_stm32f427xx.o(.text)
    DMA2_Stream5_IRQHandler                  0x080001db   Thumb Code     0  startup_stm32f427xx.o(.text)
    DMA2_Stream7_IRQHandler                  0x080001db   Thumb Code     0  startup_stm32f427xx.o(.text)
    ETH_IRQHandler                           0x080001db   Thumb Code     0  startup_stm32f427xx.o(.text)
    ETH_WKUP_IRQHandler                      0x080001db   Thumb Code     0  startup_stm32f427xx.o(.text)
    EXTI0_IRQHandler                         0x080001db   Thumb Code     0  startup_stm32f427xx.o(.text)
    EXTI1_IRQHandler                         0x080001db   Thumb Code     0  startup_stm32f427xx.o(.text)
    EXTI2_IRQHandler                         0x080001db   Thumb Code     0  startup_stm32f427xx.o(.text)
    EXTI3_IRQHandler                         0x080001db   Thumb Code     0  startup_stm32f427xx.o(.text)
    EXTI4_IRQHandler                         0x080001db   Thumb Code     0  startup_stm32f427xx.o(.text)
    EXTI9_5_IRQHandler                       0x080001db   Thumb Code     0  startup_stm32f427xx.o(.text)
    FLASH_IRQHandler                         0x080001db   Thumb Code     0  startup_stm32f427xx.o(.text)
    FMC_IRQHandler                           0x080001db   Thumb Code     0  startup_stm32f427xx.o(.text)
    FPU_IRQHandler                           0x080001db   Thumb Code     0  startup_stm32f427xx.o(.text)
    HASH_RNG_IRQHandler                      0x080001db   Thumb Code     0  startup_stm32f427xx.o(.text)
    I2C1_ER_IRQHandler                       0x080001db   Thumb Code     0  startup_stm32f427xx.o(.text)
    I2C1_EV_IRQHandler                       0x080001db   Thumb Code     0  startup_stm32f427xx.o(.text)
    I2C2_ER_IRQHandler                       0x080001db   Thumb Code     0  startup_stm32f427xx.o(.text)
    I2C2_EV_IRQHandler                       0x080001db   Thumb Code     0  startup_stm32f427xx.o(.text)
    I2C3_ER_IRQHandler                       0x080001db   Thumb Code     0  startup_stm32f427xx.o(.text)
    I2C3_EV_IRQHandler                       0x080001db   Thumb Code     0  startup_stm32f427xx.o(.text)
    OTG_FS_IRQHandler                        0x080001db   Thumb Code     0  startup_stm32f427xx.o(.text)
    OTG_FS_WKUP_IRQHandler                   0x080001db   Thumb Code     0  startup_stm32f427xx.o(.text)
    OTG_HS_EP1_IN_IRQHandler                 0x080001db   Thumb Code     0  startup_stm32f427xx.o(.text)
    OTG_HS_EP1_OUT_IRQHandler                0x080001db   Thumb Code     0  startup_stm32f427xx.o(.text)
    OTG_HS_IRQHandler                        0x080001db   Thumb Code     0  startup_stm32f427xx.o(.text)
    OTG_HS_WKUP_IRQHandler                   0x080001db   Thumb Code     0  startup_stm32f427xx.o(.text)
    PVD_IRQHandler                           0x080001db   Thumb Code     0  startup_stm32f427xx.o(.text)
    RCC_IRQHandler                           0x080001db   Thumb Code     0  startup_stm32f427xx.o(.text)
    RTC_Alarm_IRQHandler                     0x080001db   Thumb Code     0  startup_stm32f427xx.o(.text)
    RTC_WKUP_IRQHandler                      0x080001db   Thumb Code     0  startup_stm32f427xx.o(.text)
    SAI1_IRQHandler                          0x080001db   Thumb Code     0  startup_stm32f427xx.o(.text)
    SDIO_IRQHandler                          0x080001db   Thumb Code     0  startup_stm32f427xx.o(.text)
    SPI1_IRQHandler                          0x080001db   Thumb Code     0  startup_stm32f427xx.o(.text)
    SPI2_IRQHandler                          0x080001db   Thumb Code     0  startup_stm32f427xx.o(.text)
    SPI3_IRQHandler                          0x080001db   Thumb Code     0  startup_stm32f427xx.o(.text)
    SPI4_IRQHandler                          0x080001db   Thumb Code     0  startup_stm32f427xx.o(.text)
    SPI5_IRQHandler                          0x080001db   Thumb Code     0  startup_stm32f427xx.o(.text)
    SPI6_IRQHandler                          0x080001db   Thumb Code     0  startup_stm32f427xx.o(.text)
    TAMP_STAMP_IRQHandler                    0x080001db   Thumb Code     0  startup_stm32f427xx.o(.text)
    TIM1_BRK_TIM9_IRQHandler                 0x080001db   Thumb Code     0  startup_stm32f427xx.o(.text)
    TIM1_CC_IRQHandler                       0x080001db   Thumb Code     0  startup_stm32f427xx.o(.text)
    TIM1_TRG_COM_TIM11_IRQHandler            0x080001db   Thumb Code     0  startup_stm32f427xx.o(.text)
    TIM1_UP_TIM10_IRQHandler                 0x080001db   Thumb Code     0  startup_stm32f427xx.o(.text)
    TIM2_IRQHandler                          0x080001db   Thumb Code     0  startup_stm32f427xx.o(.text)
    TIM3_IRQHandler                          0x080001db   Thumb Code     0  startup_stm32f427xx.o(.text)
    TIM4_IRQHandler                          0x080001db   Thumb Code     0  startup_stm32f427xx.o(.text)
    TIM5_IRQHandler                          0x080001db   Thumb Code     0  startup_stm32f427xx.o(.text)
    TIM7_IRQHandler                          0x080001db   Thumb Code     0  startup_stm32f427xx.o(.text)
    TIM8_BRK_TIM12_IRQHandler                0x080001db   Thumb Code     0  startup_stm32f427xx.o(.text)
    TIM8_CC_IRQHandler                       0x080001db   Thumb Code     0  startup_stm32f427xx.o(.text)
    TIM8_TRG_COM_TIM14_IRQHandler            0x080001db   Thumb Code     0  startup_stm32f427xx.o(.text)
    TIM8_UP_TIM13_IRQHandler                 0x080001db   Thumb Code     0  startup_stm32f427xx.o(.text)
    UART4_IRQHandler                         0x080001db   Thumb Code     0  startup_stm32f427xx.o(.text)
    UART5_IRQHandler                         0x080001db   Thumb Code     0  startup_stm32f427xx.o(.text)
    UART7_IRQHandler                         0x080001db   Thumb Code     0  startup_stm32f427xx.o(.text)
    UART8_IRQHandler                         0x080001db   Thumb Code     0  startup_stm32f427xx.o(.text)
    USART2_IRQHandler                        0x080001db   Thumb Code     0  startup_stm32f427xx.o(.text)
    USART3_IRQHandler                        0x080001db   Thumb Code     0  startup_stm32f427xx.o(.text)
    WWDG_IRQHandler                          0x080001db   Thumb Code     0  startup_stm32f427xx.o(.text)
    __aeabi_uldivmod                         0x080001e5   Thumb Code    98  uldiv.o(.text)
    __aeabi_memcpy                           0x08000247   Thumb Code    36  memcpya.o(.text)
    __aeabi_memcpy4                          0x08000247   Thumb Code     0  memcpya.o(.text)
    __aeabi_memcpy8                          0x08000247   Thumb Code     0  memcpya.o(.text)
    __aeabi_memset                           0x0800026b   Thumb Code    14  memseta.o(.text)
    __aeabi_memset4                          0x0800026b   Thumb Code     0  memseta.o(.text)
    __aeabi_memset8                          0x0800026b   Thumb Code     0  memseta.o(.text)
    __aeabi_memclr                           0x08000279   Thumb Code     4  memseta.o(.text)
    __aeabi_memclr4                          0x08000279   Thumb Code     0  memseta.o(.text)
    __aeabi_memclr8                          0x08000279   Thumb Code     0  memseta.o(.text)
    _memset$wrapper                          0x0800027d   Thumb Code    18  memseta.o(.text)
    __aeabi_dadd                             0x0800028f   Thumb Code   322  dadd.o(.text)
    __aeabi_dsub                             0x080003d1   Thumb Code     6  dadd.o(.text)
    __aeabi_drsub                            0x080003d7   Thumb Code     6  dadd.o(.text)
    __aeabi_dmul                             0x080003dd   Thumb Code   228  dmul.o(.text)
    __aeabi_ddiv                             0x080004c1   Thumb Code   222  ddiv.o(.text)
    __aeabi_i2d                              0x0800059f   Thumb Code    34  dflti.o(.text)
    __aeabi_f2d                              0x080005c1   Thumb Code    38  f2d.o(.text)
    __aeabi_cdrcmple                         0x080005e9   Thumb Code    48  cdrcmple.o(.text)
    __aeabi_d2f                              0x08000619   Thumb Code    56  d2f.o(.text)
    __aeabi_llsl                             0x08000651   Thumb Code    30  llshl.o(.text)
    _ll_shift_l                              0x08000651   Thumb Code     0  llshl.o(.text)
    __aeabi_llsr                             0x0800066f   Thumb Code    32  llushr.o(.text)
    _ll_ushift_r                             0x0800066f   Thumb Code     0  llushr.o(.text)
    __aeabi_lasr                             0x0800068f   Thumb Code    36  llsshr.o(.text)
    _ll_sshift_r                             0x0800068f   Thumb Code     0  llsshr.o(.text)
    __I$use$fp                               0x080006b3   Thumb Code     0  iusefp.o(.text)
    _float_round                             0x080006b3   Thumb Code    18  fepilogue.o(.text)
    _float_epilogue                          0x080006c5   Thumb Code    92  fepilogue.o(.text)
    _double_round                            0x08000721   Thumb Code    30  depilogue.o(.text)
    _double_epilogue                         0x0800073f   Thumb Code   156  depilogue.o(.text)
    __ARM_scalbn                             0x080007db   Thumb Code    46  dscalb.o(.text)
    scalbn                                   0x080007db   Thumb Code     0  dscalb.o(.text)
    _dsqrt                                   0x08000809   Thumb Code   162  dsqrt.o(.text)
    __scatterload                            0x080008ad   Thumb Code    28  init.o(.text)
    __scatterload_rt2                        0x080008ad   Thumb Code     0  init.o(.text)
    __decompress                             0x080008d1   Thumb Code     0  __dczerorl2.o(.text)
    __decompress1                            0x080008d1   Thumb Code    86  __dczerorl2.o(.text)
    Angle_Optimize                           0x08000929   Thumb Code    96  angle.o(i.Angle_Optimize)
    AppParamInit                             0x08000995   Thumb Code   134  iotask.o(i.AppParamInit)
    BusFault_Handler                         0x08000a29   Thumb Code     2  stm32f4xx_it.o(i.BusFault_Handler)
    CAN1_RX0_IRQHandler                      0x08000a2d   Thumb Code     6  stm32f4xx_it.o(i.CAN1_RX0_IRQHandler)
    CAN1_TX_IRQHandler                       0x08000a39   Thumb Code     6  stm32f4xx_it.o(i.CAN1_TX_IRQHandler)
    CAN_Receive_Msg                          0x08000a45   Thumb Code    22  can_send.o(i.CAN_Receive_Msg)
    CAN_Send_Msg                             0x08000a69   Thumb Code    34  can_send.o(i.CAN_Send_Msg)
    DMA2_Stream1_IRQHandler                  0x08000a95   Thumb Code     6  stm32f4xx_it.o(i.DMA2_Stream1_IRQHandler)
    DMA2_Stream2_IRQHandler                  0x08000aa1   Thumb Code     6  stm32f4xx_it.o(i.DMA2_Stream2_IRQHandler)
    DMA2_Stream6_IRQHandler                  0x08000aad   Thumb Code     6  stm32f4xx_it.o(i.DMA2_Stream6_IRQHandler)
    DebugMon_Handler                         0x08000b5d   Thumb Code     2  stm32f4xx_it.o(i.DebugMon_Handler)
    EXTI15_10_IRQHandler                     0x08000b5f   Thumb Code    22  stm32f4xx_it.o(i.EXTI15_10_IRQHandler)
    EncoderProcess                           0x08000b75   Thumb Code   146  q6623.o(i.EncoderProcess)
    FilerConf                                0x08000c11   Thumb Code    58  can.o(i.FilerConf)
    GMCalLoop                                0x08000c55   Thumb Code   174  gimbal.o(i.GMCalLoop)
    GetEncoderBias                           0x08000d21   Thumb Code    16  q6623.o(i.GetEncoderBias)
    Get_Time_Micros                          0x08000d31   Thumb Code     8  imu.o(i.Get_Time_Micros)
    Gimbal_PitchAngleSet                     0x08000d39   Thumb Code    20  gimbal.o(i.Gimbal_PitchAngleSet)
    Gimbal_YawAngleSet                       0x08000d55   Thumb Code    46  gimbal.o(i.Gimbal_YawAngleSet)
    HAL_CAN_AddTxMessage                     0x08000d91   Thumb Code   200  stm32f4xx_hal_can.o(i.HAL_CAN_AddTxMessage)
    HAL_CAN_ConfigFilter                     0x08000e59   Thumb Code   262  stm32f4xx_hal_can.o(i.HAL_CAN_ConfigFilter)
    HAL_CAN_ErrorCallback                    0x08000f65   Thumb Code    12  can.o(i.HAL_CAN_ErrorCallback)
    HAL_CAN_GetRxMessage                     0x08000f71   Thumb Code   250  stm32f4xx_hal_can.o(i.HAL_CAN_GetRxMessage)
    HAL_CAN_IRQHandler                       0x0800106b   Thumb Code   508  stm32f4xx_hal_can.o(i.HAL_CAN_IRQHandler)
    HAL_CAN_Init                             0x08001267   Thumb Code   282  stm32f4xx_hal_can.o(i.HAL_CAN_Init)
    HAL_CAN_MspInit                          0x08001381   Thumb Code    60  can.o(i.HAL_CAN_MspInit)
    HAL_CAN_RxFifo0FullCallback              0x080013c9   Thumb Code     2  stm32f4xx_hal_can.o(i.HAL_CAN_RxFifo0FullCallback)
    HAL_CAN_RxFifo0MsgPendingCallback        0x080013cd   Thumb Code    42  q6623.o(i.HAL_CAN_RxFifo0MsgPendingCallback)
    HAL_CAN_RxFifo1FullCallback              0x08001405   Thumb Code     2  stm32f4xx_hal_can.o(i.HAL_CAN_RxFifo1FullCallback)
    HAL_CAN_RxFifo1MsgPendingCallback        0x08001407   Thumb Code     2  stm32f4xx_hal_can.o(i.HAL_CAN_RxFifo1MsgPendingCallback)
    HAL_CAN_SleepCallback                    0x08001409   Thumb Code     2  stm32f4xx_hal_can.o(i.HAL_CAN_SleepCallback)
    HAL_CAN_Start                            0x0800140d   Thumb Code    88  stm32f4xx_hal_can.o(i.HAL_CAN_Start)
    HAL_CAN_TxMailbox0AbortCallback          0x08001465   Thumb Code     2  stm32f4xx_hal_can.o(i.HAL_CAN_TxMailbox0AbortCallback)
    HAL_CAN_TxMailbox0CompleteCallback       0x08001467   Thumb Code     2  stm32f4xx_hal_can.o(i.HAL_CAN_TxMailbox0CompleteCallback)
    HAL_CAN_TxMailbox1AbortCallback          0x08001469   Thumb Code     2  stm32f4xx_hal_can.o(i.HAL_CAN_TxMailbox1AbortCallback)
    HAL_CAN_TxMailbox1CompleteCallback       0x0800146b   Thumb Code     2  stm32f4xx_hal_can.o(i.HAL_CAN_TxMailbox1CompleteCallback)
    HAL_CAN_TxMailbox2AbortCallback          0x0800146d   Thumb Code     2  stm32f4xx_hal_can.o(i.HAL_CAN_TxMailbox2AbortCallback)
    HAL_CAN_TxMailbox2CompleteCallback       0x0800146f   Thumb Code     2  stm32f4xx_hal_can.o(i.HAL_CAN_TxMailbox2CompleteCallback)
    HAL_CAN_WakeUpFromRxMsgCallback          0x08001471   Thumb Code     2  stm32f4xx_hal_can.o(i.HAL_CAN_WakeUpFromRxMsgCallback)
    HAL_DMA_Abort                            0x08001473   Thumb Code   142  stm32f4xx_hal_dma.o(i.HAL_DMA_Abort)
    HAL_DMA_Abort_IT                         0x08001501   Thumb Code    36  stm32f4xx_hal_dma.o(i.HAL_DMA_Abort_IT)
    HAL_DMA_IRQHandler                       0x08001525   Thumb Code   412  stm32f4xx_hal_dma.o(i.HAL_DMA_IRQHandler)
    HAL_DMA_Init                             0x080016c5   Thumb Code   206  stm32f4xx_hal_dma.o(i.HAL_DMA_Init)
    HAL_DMA_Start                            0x08001799   Thumb Code    70  stm32f4xx_hal_dma.o(i.HAL_DMA_Start)
    HAL_DMA_Start_IT                         0x080017df   Thumb Code   120  stm32f4xx_hal_dma.o(i.HAL_DMA_Start_IT)
    HAL_Delay                                0x08001859   Thumb Code    32  stm32f4xx_hal.o(i.HAL_Delay)
    HAL_GPIO_EXTI_Callback                   0x0800187d   Thumb Code     2  stm32f4xx_hal_gpio.o(i.HAL_GPIO_EXTI_Callback)
    HAL_GPIO_EXTI_IRQHandler                 0x08001881   Thumb Code    18  stm32f4xx_hal_gpio.o(i.HAL_GPIO_EXTI_IRQHandler)
    HAL_GPIO_Init                            0x08001899   Thumb Code   408  stm32f4xx_hal_gpio.o(i.HAL_GPIO_Init)
    HAL_GPIO_TogglePin                       0x08001a65   Thumb Code     8  stm32f4xx_hal_gpio.o(i.HAL_GPIO_TogglePin)
    HAL_GPIO_WritePin                        0x08001a6d   Thumb Code    10  stm32f4xx_hal_gpio.o(i.HAL_GPIO_WritePin)
    HAL_GetTick                              0x08001a79   Thumb Code     6  stm32f4xx_hal.o(i.HAL_GetTick)
    HAL_IncTick                              0x08001a85   Thumb Code    12  stm32f4xx_hal.o(i.HAL_IncTick)
    HAL_Init                                 0x08001a95   Thumb Code    48  stm32f4xx_hal.o(i.HAL_Init)
    HAL_InitTick                             0x08001ac9   Thumb Code    54  stm32f4xx_hal.o(i.HAL_InitTick)
    HAL_MspInit                              0x08001b09   Thumb Code   126  stm32f4xx_hal_msp.o(i.HAL_MspInit)
    HAL_NVIC_EnableIRQ                       0x08001b8d   Thumb Code    22  stm32f4xx_hal_cortex.o(i.HAL_NVIC_EnableIRQ)
    HAL_NVIC_SetPriority                     0x08001ba5   Thumb Code    60  stm32f4xx_hal_cortex.o(i.HAL_NVIC_SetPriority)
    HAL_NVIC_SetPriorityGrouping             0x08001be5   Thumb Code    26  stm32f4xx_hal_cortex.o(i.HAL_NVIC_SetPriorityGrouping)
    HAL_RCC_ClockConfig                      0x08001c09   Thumb Code   286  stm32f4xx_hal_rcc.o(i.HAL_RCC_ClockConfig)
    HAL_RCC_GetHCLKFreq                      0x08001d39   Thumb Code     6  stm32f4xx_hal_rcc.o(i.HAL_RCC_GetHCLKFreq)
    HAL_RCC_GetPCLK1Freq                     0x08001d45   Thumb Code    20  stm32f4xx_hal_rcc.o(i.HAL_RCC_GetPCLK1Freq)
    HAL_RCC_GetPCLK2Freq                     0x08001d65   Thumb Code    20  stm32f4xx_hal_rcc.o(i.HAL_RCC_GetPCLK2Freq)
    HAL_RCC_GetSysClockFreq                  0x08001d85   Thumb Code    88  stm32f4xx_hal_rcc.o(i.HAL_RCC_GetSysClockFreq)
    HAL_RCC_OscConfig                        0x08001de9   Thumb Code   770  stm32f4xx_hal_rcc.o(i.HAL_RCC_OscConfig)
    HAL_SPI_Init                             0x08002105   Thumb Code   128  stm32f4xx_hal_spi.o(i.HAL_SPI_Init)
    HAL_SPI_MspInit                          0x08002185   Thumb Code    64  spi.o(i.HAL_SPI_MspInit)
    HAL_SPI_TransmitReceive                  0x080021d1   Thumb Code   472  stm32f4xx_hal_spi.o(i.HAL_SPI_TransmitReceive)
    HAL_SYSTICK_CLKSourceConfig              0x080023a9   Thumb Code    24  stm32f4xx_hal_cortex.o(i.HAL_SYSTICK_CLKSourceConfig)
    HAL_SYSTICK_Callback                     0x080023c1   Thumb Code     2  stm32f4xx_hal_cortex.o(i.HAL_SYSTICK_Callback)
    HAL_SYSTICK_Config                       0x080023c3   Thumb Code    40  stm32f4xx_hal_cortex.o(i.HAL_SYSTICK_Config)
    HAL_SYSTICK_IRQHandler                   0x080023eb   Thumb Code     8  stm32f4xx_hal_cortex.o(i.HAL_SYSTICK_IRQHandler)
    HAL_TIMEx_BreakCallback                  0x080023f3   Thumb Code     2  stm32f4xx_hal_tim_ex.o(i.HAL_TIMEx_BreakCallback)
    HAL_TIMEx_CommutationCallback            0x080023f5   Thumb Code     2  stm32f4xx_hal_tim_ex.o(i.HAL_TIMEx_CommutationCallback)
    HAL_TIMEx_MasterConfigSynchronization    0x080023f7   Thumb Code    80  stm32f4xx_hal_tim_ex.o(i.HAL_TIMEx_MasterConfigSynchronization)
    HAL_TIM_Base_Init                        0x08002447   Thumb Code    54  stm32f4xx_hal_tim.o(i.HAL_TIM_Base_Init)
    HAL_TIM_Base_MspInit                     0x0800247d   Thumb Code    72  tim.o(i.HAL_TIM_Base_MspInit)
    HAL_TIM_Base_Start_IT                    0x080024cd   Thumb Code    24  stm32f4xx_hal_tim.o(i.HAL_TIM_Base_Start_IT)
    HAL_TIM_ConfigClockSource                0x080024e5   Thumb Code   242  stm32f4xx_hal_tim.o(i.HAL_TIM_ConfigClockSource)
    HAL_TIM_IC_CaptureCallback               0x080025d7   Thumb Code     2  stm32f4xx_hal_tim.o(i.HAL_TIM_IC_CaptureCallback)
    HAL_TIM_IRQHandler                       0x080025d9   Thumb Code   358  stm32f4xx_hal_tim.o(i.HAL_TIM_IRQHandler)
    HAL_TIM_OC_DelayElapsedCallback          0x0800273f   Thumb Code     2  stm32f4xx_hal_tim.o(i.HAL_TIM_OC_DelayElapsedCallback)
    HAL_TIM_PWM_PulseFinishedCallback        0x08002741   Thumb Code     2  stm32f4xx_hal_tim.o(i.HAL_TIM_PWM_PulseFinishedCallback)
    HAL_TIM_PeriodElapsedCallback            0x08002745   Thumb Code   138  stm32f4xx_it.o(i.HAL_TIM_PeriodElapsedCallback)
    HAL_TIM_TriggerCallback                  0x080027e5   Thumb Code     2  stm32f4xx_hal_tim.o(i.HAL_TIM_TriggerCallback)
    HAL_UART_AbortReceive                    0x080027e7   Thumb Code    68  stm32f4xx_hal_uart.o(i.HAL_UART_AbortReceive)
    HAL_UART_DMAStop                         0x0800282b   Thumb Code    88  stm32f4xx_hal_uart.o(i.HAL_UART_DMAStop)
    HAL_UART_ErrorCallback                   0x08002883   Thumb Code     2  stm32f4xx_hal_uart.o(i.HAL_UART_ErrorCallback)
    HAL_UART_IRQHandler                      0x08002885   Thumb Code   266  stm32f4xx_hal_uart.o(i.HAL_UART_IRQHandler)
    HAL_UART_Init                            0x08002995   Thumb Code    98  stm32f4xx_hal_uart.o(i.HAL_UART_Init)
    HAL_UART_MspInit                         0x080029f9   Thumb Code   268  usart.o(i.HAL_UART_MspInit)
    HAL_UART_Receive_DMA                     0x08002b31   Thumb Code   116  stm32f4xx_hal_uart.o(i.HAL_UART_Receive_DMA)
    HAL_UART_RxCpltCallback                  0x08002bb1   Thumb Code     2  stm32f4xx_hal_uart.o(i.HAL_UART_RxCpltCallback)
    HAL_UART_RxHalfCpltCallback              0x08002bb3   Thumb Code     2  stm32f4xx_hal_uart.o(i.HAL_UART_RxHalfCpltCallback)
    HAL_UART_Transmit_DMA                    0x08002bb5   Thumb Code   114  stm32f4xx_hal_uart.o(i.HAL_UART_Transmit_DMA)
    HAL_UART_TxCpltCallback                  0x08002c35   Thumb Code     2  stm32f4xx_hal_uart.o(i.HAL_UART_TxCpltCallback)
    HAL_UART_TxHalfCpltCallback              0x08002c37   Thumb Code     2  stm32f4xx_hal_uart.o(i.HAL_UART_TxHalfCpltCallback)
    HardFault_Handler                        0x08002c39   Thumb Code     2  stm32f4xx_it.o(i.HardFault_Handler)
    MX_CAN1_Init                             0x08002c3d   Thumb Code    66  can.o(i.MX_CAN1_Init)
    MX_DMA_Init                              0x08002c99   Thumb Code    72  dma.o(i.MX_DMA_Init)
    MX_GPIO_Init                             0x08002ce5   Thumb Code   178  gpio.o(i.MX_GPIO_Init)
    MX_SPI5_Init                             0x08002da9   Thumb Code    66  spi.o(i.MX_SPI5_Init)
    MX_TIM2_Init                             0x08002e05   Thumb Code    92  tim.o(i.MX_TIM2_Init)
    MX_TIM6_Init                             0x08002e75   Thumb Code    62  tim.o(i.MX_TIM6_Init)
    MX_USART1_UART_Init                      0x08002ecd   Thumb Code    54  usart.o(i.MX_USART1_UART_Init)
    MX_USART6_UART_Init                      0x08002f21   Thumb Code    70  usart.o(i.MX_USART6_UART_Init)
    Mainifold_Res_Task                       0x08002f85   Thumb Code   354  minipc.o(i.Mainifold_Res_Task)
    MemManage_Handler                        0x08003105   Thumb Code     2  stm32f4xx_it.o(i.MemManage_Handler)
    Motor_CAN_Receive                        0x080031ed   Thumb Code    64  q6623.o(i.Motor_CAN_Receive)
    Motor_Init                               0x08003239   Thumb Code    42  q6623.o(i.Motor_Init)
    NMI_Handler                              0x08003275   Thumb Code     2  stm32f4xx_it.o(i.NMI_Handler)
    PID_Calc                                 0x08003297   Thumb Code   148  pid.o(i.PID_Calc)
    PID_Reset                                0x0800332d   Thumb Code    50  pid.o(i.PID_Reset)
    PID_Task                                 0x08003369   Thumb Code    18  pid.o(i.PID_Task)
    PendSV_Handler                           0x0800337b   Thumb Code     2  stm32f4xx_it.o(i.PendSV_Handler)
    Ref_Gimbal_Prepare                       0x0800337d   Thumb Code    70  gimbal_task.o(i.Ref_Gimbal_Prepare)
    Ref_UpdataFromRCStick                    0x080033d5   Thumb Code   172  gimbal_task.o(i.Ref_UpdataFromRCStick)
    SVC_Handler                              0x0800354f   Thumb Code     2  stm32f4xx_it.o(i.SVC_Handler)
    Send_MiniPC                              0x08003551   Thumb Code   146  minipc.o(i.Send_MiniPC)
    Sensor_Offset_Param_Init                 0x080035fd   Thumb Code    32  iotask.o(i.Sensor_Offset_Param_Init)
    SetGimbalMotorOutput                     0x08003629   Thumb Code    54  gimbal.o(i.SetGimbalMotorOutput)
    SmoothSigmoid                            0x08003669   Thumb Code   254  angle.o(i.SmoothSigmoid)
    SysTick_Handler                          0x08003781   Thumb Code    14  stm32f4xx_it.o(i.SysTick_Handler)
    SystemClock_Config                       0x08003791   Thumb Code   152  main.o(i.SystemClock_Config)
    SystemInit                               0x08003831   Thumb Code    66  system_stm32f4xx.o(i.SystemInit)
    TIM6_DAC_IRQHandler                      0x08003885   Thumb Code     6  stm32f4xx_it.o(i.TIM6_DAC_IRQHandler)
    TIM_Base_SetConfig                       0x08003891   Thumb Code   148  stm32f4xx_hal_tim.o(i.TIM_Base_SetConfig)
    USART1_IRQHandler                        0x08003e5d   Thumb Code    18  stm32f4xx_it.o(i.USART1_IRQHandler)
    USART6_IRQHandler                        0x08003e75   Thumb Code    80  stm32f4xx_it.o(i.USART6_IRQHandler)
    UsageFault_Handler                       0x08003ed5   Thumb Code     2  stm32f4xx_it.o(i.UsageFault_Handler)
    _Error_Handler                           0x08003ed7   Thumb Code     2  main.o(i._Error_Handler)
    __ARM_fpclassify                         0x08003ed9   Thumb Code    48  fpclassify.o(i.__ARM_fpclassify)
    __hardfp_asin                            0x08003f09   Thumb Code   770  asin.o(i.__hardfp_asin)
    __hardfp_atan                            0x08004269   Thumb Code   622  atan.o(i.__hardfp_atan)
    __hardfp_atan2                           0x08004541   Thumb Code   432  atan2.o(i.__hardfp_atan2)
    __hardfp_fabs                            0x08004731   Thumb Code    20  fabs.o(i.__hardfp_fabs)
    __hardfp_pow                             0x08004749   Thumb Code  3072  pow.o(i.__hardfp_pow)
    __hardfp_sqrt                            0x08005399   Thumb Code   122  sqrt.o(i.__hardfp_sqrt)
    __kernel_poly                            0x08005413   Thumb Code   248  poly.o(i.__kernel_poly)
    __mathlib_dbl_divzero                    0x08005511   Thumb Code    28  dunder.o(i.__mathlib_dbl_divzero)
    __mathlib_dbl_infnan                     0x08005541   Thumb Code    20  dunder.o(i.__mathlib_dbl_infnan)
    __mathlib_dbl_infnan2                    0x08005555   Thumb Code    20  dunder.o(i.__mathlib_dbl_infnan2)
    __mathlib_dbl_invalid                    0x08005569   Thumb Code    24  dunder.o(i.__mathlib_dbl_invalid)
    __mathlib_dbl_overflow                   0x08005589   Thumb Code    24  dunder.o(i.__mathlib_dbl_overflow)
    __mathlib_dbl_underflow                  0x080055a9   Thumb Code    24  dunder.o(i.__mathlib_dbl_underflow)
    __scatterload_copy                       0x080055c9   Thumb Code    14  handlers.o(i.__scatterload_copy)
    __scatterload_null                       0x080055d7   Thumb Code     2  handlers.o(i.__scatterload_null)
    __scatterload_zeroinit                   0x080055d9   Thumb Code    14  handlers.o(i.__scatterload_zeroinit)
    __set_errno                              0x080055e9   Thumb Code     6  errno.o(i.__set_errno)
    atan                                     0x080055f5   Thumb Code    16  atan.o(i.atan)
    bufferPop                                0x08005605   Thumb Code    46  bsp_data.o(i.bufferPop)
    bufferPush                               0x08005633   Thumb Code    50  bsp_data.o(i.bufferPush)
    buffer_multiPop                          0x08005665   Thumb Code    38  bsp_data.o(i.buffer_multiPop)
    bufferlen                                0x0800568b   Thumb Code    16  bsp_data.o(i.bufferlen)
    fabs                                     0x0800569b   Thumb Code    24  fabs.o(i.fabs)
    get_pitchyaw                             0x080056b5   Thumb Code   194  imu.o(i.get_pitchyaw)
    gimbal_send                              0x0800578d   Thumb Code    38  q6623.o(i.gimbal_send)
    imu_ahrs_update                          0x080057b5   Thumb Code  1194  imu.o(i.imu_ahrs_update)
    imu_attitude_update                      0x08005c61   Thumb Code   346  imu.o(i.imu_attitude_update)
    imu_run                                  0x08005dd5   Thumb Code    18  imu.o(i.imu_run)
    init_quaternion                          0x08005de9   Thumb Code   360  imu.o(i.init_quaternion)
    inv_sqrt                                 0x08005fb5   Thumb Code    40  imu.o(i.inv_sqrt)
    ist8310_get_data                         0x08005fe1   Thumb Code    10  imu.o(i.ist8310_get_data)
    ist8310_init                             0x08005feb   Thumb Code   256  imu.o(i.ist8310_init)
    main                                     0x08006165   Thumb Code   202  main.o(i.main)
    mpu_device_init                          0x08006249   Thumb Code    90  imu.o(i.mpu_device_init)
    mpu_get_data                             0x080062ad   Thumb Code   234  imu.o(i.mpu_get_data)
    mpu_offset_call                          0x0800643d   Thumb Code   160  imu.o(i.mpu_offset_call)
    mpu_read_byte                            0x080064e1   Thumb Code    68  imu.o(i.mpu_read_byte)
    mpu_read_bytes                           0x08006531   Thumb Code    80  imu.o(i.mpu_read_bytes)
    mpu_set_accel_fsr                        0x0800658d   Thumb Code    10  imu.o(i.mpu_set_accel_fsr)
    mpu_set_gyro_fsr                         0x08006597   Thumb Code    10  imu.o(i.mpu_set_gyro_fsr)
    mpu_write_byte                           0x080065a1   Thumb Code    72  imu.o(i.mpu_write_byte)
    rc_callback_handler                      0x080065f5   Thumb Code   142  bsp_uart.o(i.rc_callback_handler)
    sqrt                                     0x08006683   Thumb Code   110  sqrt.o(i.sqrt)
    uart_init                                0x080066f1   Thumb Code    70  bsp_uart.o(i.uart_init)
    uart_receive_handler                     0x08006739   Thumb Code    86  bsp_uart.o(i.uart_receive_handler)
    AHBPrescTable                            0x080067b4   Data          16  system_stm32f4xx.o(.constdata)
    APBPrescTable                            0x080067c4   Data           8  system_stm32f4xx.o(.constdata)
    __mathlib_zero                           0x08006940   Data           8  qnan.o(.constdata)
    Region$$Table$$Base                      0x08006948   Number         0  anon$$obj.o(Region$$Table)
    Region$$Table$$Limit                     0x08006968   Number         0  anon$$obj.o(Region$$Table)
    gimbal_time                              0x20000000   Data           2  stm32f4xx_it.o(.data)
    minipc_time                              0x20000002   Data           2  stm32f4xx_it.o(.data)
    FrameCounter                             0x20000004   Data           4  stm32f4xx_it.o(.data)
    test_counter                             0x20000008   Data           2  angle.o(.data)
    GimbalRef                                0x2000000c   Data           8  gimbal.o(.data)
    GMPPositionPID                           0x20000014   Data          84  gimbal.o(.data)
    GMPSpeedPID                              0x20000068   Data          84  gimbal.o(.data)
    GMYPositionPID                           0x200000bc   Data          84  gimbal.o(.data)
    GMYSpeedPID                              0x20000110   Data          84  gimbal.o(.data)
    yaw_temp                                 0x20000166   Data           1  imu.o(.data)
    last_yaw_temp                            0x20000167   Data           1  imu.o(.data)
    id                                       0x20000168   Data           1  imu.o(.data)
    q0                                       0x2000016c   Data           4  imu.o(.data)
    q1                                       0x20000170   Data           4  imu.o(.data)
    q2                                       0x20000174   Data           4  imu.o(.data)
    q3                                       0x20000178   Data           4  imu.o(.data)
    exInt                                    0x20000184   Data           4  imu.o(.data)
    eyInt                                    0x20000188   Data           4  imu.o(.data)
    ezInt                                    0x2000018c   Data           4  imu.o(.data)
    last_update                              0x200001b4   Data           4  imu.o(.data)
    now_update                               0x200001b8   Data           4  imu.o(.data)
    yaw_angle                                0x200001bc   Data           4  imu.o(.data)
    ist_buff                                 0x200001c0   Data           6  imu.o(.data)
    Yaw_Send                                 0x200001d6   Data           2  minipc.o(.data)
    Pitch_Send                               0x200001d8   Data           2  minipc.o(.data)
    pitch_speed                              0x200001e8   Data           4  q6623.o(.data)
    yaw_speed                                0x200001ec   Data           4  q6623.o(.data)
    pitch_speedlast                          0x200001f0   Data           4  q6623.o(.data)
    yaw_speedlast                            0x200001f4   Data           4  q6623.o(.data)
    pitch                                    0x200001f8   Data           8  q6623.o(.data)
    yaw                                      0x20000200   Data           8  q6623.o(.data)
    buf                                      0x20000208   Data           8  can_send.o(.data)
    app_param_calied_flag                    0x20000210   Data           1  iotask.o(.data)
    lost_err                                 0x20000218   Data           4  iotask.o(.data)
    Gyro_Time_Flag                           0x20000220   Data           4  iotask.o(.data)
    Gyro_Cali_In                             0x20000224   Data           4  iotask.o(.data)
    Gyro_Cali_Time                           0x20000244   Data           4  iotask.o(.data)
    uwTickFreq                               0x20000254   Data           1  stm32f4xx_hal.o(.data)
    uwTickPrio                               0x20000258   Data           4  stm32f4xx_hal.o(.data)
    uwTick                                   0x2000025c   Data           4  stm32f4xx_hal.o(.data)
    SystemCoreClock                          0x20000260   Data           4  system_stm32f4xx.o(.data)
    hcan1                                    0x20000268   Data          40  can.o(.bss)
    hspi5                                    0x20000290   Data          88  spi.o(.bss)
    htim2                                    0x200002e8   Data          60  tim.o(.bss)
    htim6                                    0x20000324   Data          60  tim.o(.bss)
    huart1                                   0x20000360   Data          64  usart.o(.bss)
    huart6                                   0x200003a0   Data          64  usart.o(.bss)
    hdma_usart1_rx                           0x200003e0   Data          96  usart.o(.bss)
    hdma_usart6_tx                           0x20000440   Data          96  usart.o(.bss)
    hdma_usart6_rx                           0x200004a0   Data          96  usart.o(.bss)
    dbus_buf                                 0x20000500   Data          18  bsp_uart.o(.bss)
    rc                                       0x20000512   Data          10  bsp_uart.o(.bss)
    UART6_RXBUFF                             0x2000051c   Data          80  bsp_uart.o(.bss)
    GMYawSmooth                              0x2000056c   Data          16  gimbal_task.o(.bss)
    imu                                      0x2000057c   Data          52  imu.o(.bss)
    mpu_buff                                 0x200005b0   Data          14  imu.o(.bss)
    mpu_data                                 0x200005be   Data          32  imu.o(.bss)
    MPU6050_Real_Data                        0x200005e0   Data          40  imu.o(.bss)
    MiniPC_Data                              0x20000608   Data         132  minipc.o(.bss)
    Que_Mainifold                            0x2000068c   Data         504  minipc.o(.bss)
    Que_MiniPC_Tx                            0x20000884   Data         504  minipc.o(.bss)
    tX                                       0x20000b64   Data          12  pid.o(.bss)
    tY                                       0x20000b70   Data          12  pid.o(.bss)
    yaw_counter                              0x20000b7c   Data          12  q6623.o(.bss)
    pitch_counter                            0x20000b88   Data          12  q6623.o(.bss)
    pitch_last                               0x20000b94   Data          12  q6623.o(.bss)
    yaw_last                                 0x20000ba0   Data          12  q6623.o(.bss)
    GMYawEncoder                             0x20000bac   Data          52  q6623.o(.bss)
    GMPitchEncoder                           0x20000be0   Data          52  q6623.o(.bss)
    RxMsg                                    0x20000c14   Data          28  can_send.o(.bss)
    TxMsg                                    0x20000c30   Data          24  can_send.o(.bss)
    gAppParamStruct                          0x20000c48   Data         137  iotask.o(.bss)
    PIDCaliData                              0x20000ce4   Data         137  iotask.o(.bss)
    AppParamRealUsed                         0x20000d6d   Data         137  iotask.o(.bss)
    __initial_sp                             0x200011f8   Data           0  startup_stm32f427xx.o(STACK)



==============================================================================

Memory Map of the image

  Image Entry point : 0x080001ad

  Load Region LR_IROM1 (Base: 0x08000000, Size: 0x00006bd0, Max: 0x00200000, ABSOLUTE, COMPRESSED[0x000069c4])

    Execution Region ER_IROM1 (Base: 0x08000000, Size: 0x00006968, Max: 0x00200000, ABSOLUTE)

    Base Addr    Size         Type   Attr      Idx    E Section Name        Object

    0x08000000   0x000001ac   Data   RO            3    RESET               startup_stm32f427xx.o
    0x080001ac   0x00000000   Code   RO         4494  * .ARM.Collect$$$$00000000  mc_w.l(entry.o)
    0x080001ac   0x00000004   Code   RO         4552    .ARM.Collect$$$$00000001  mc_w.l(entry2.o)
    0x080001b0   0x00000004   Code   RO         4555    .ARM.Collect$$$$00000004  mc_w.l(entry5.o)
    0x080001b4   0x00000000   Code   RO         4557    .ARM.Collect$$$$00000008  mc_w.l(entry7b.o)
    0x080001b4   0x00000000   Code   RO         4559    .ARM.Collect$$$$0000000A  mc_w.l(entry8b.o)
    0x080001b4   0x00000008   Code   RO         4560    .ARM.Collect$$$$0000000B  mc_w.l(entry9a.o)
    0x080001bc   0x00000000   Code   RO         4562    .ARM.Collect$$$$0000000D  mc_w.l(entry10a.o)
    0x080001bc   0x00000000   Code   RO         4564    .ARM.Collect$$$$0000000F  mc_w.l(entry11a.o)
    0x080001bc   0x00000004   Code   RO         4553    .ARM.Collect$$$$00002712  mc_w.l(entry2.o)
    0x080001c0   0x00000024   Code   RO            4    .text               startup_stm32f427xx.o
    0x080001e4   0x00000062   Code   RO         4497    .text               mc_w.l(uldiv.o)
    0x08000246   0x00000024   Code   RO         4499    .text               mc_w.l(memcpya.o)
    0x0800026a   0x00000024   Code   RO         4501    .text               mc_w.l(memseta.o)
    0x0800028e   0x0000014e   Code   RO         4505    .text               mf_w.l(dadd.o)
    0x080003dc   0x000000e4   Code   RO         4507    .text               mf_w.l(dmul.o)
    0x080004c0   0x000000de   Code   RO         4509    .text               mf_w.l(ddiv.o)
    0x0800059e   0x00000022   Code   RO         4511    .text               mf_w.l(dflti.o)
    0x080005c0   0x00000026   Code   RO         4513    .text               mf_w.l(f2d.o)
    0x080005e6   0x00000002   PAD
    0x080005e8   0x00000030   Code   RO         4515    .text               mf_w.l(cdrcmple.o)
    0x08000618   0x00000038   Code   RO         4517    .text               mf_w.l(d2f.o)
    0x08000650   0x0000001e   Code   RO         4566    .text               mc_w.l(llshl.o)
    0x0800066e   0x00000020   Code   RO         4568    .text               mc_w.l(llushr.o)
    0x0800068e   0x00000024   Code   RO         4570    .text               mc_w.l(llsshr.o)
    0x080006b2   0x00000000   Code   RO         4579    .text               mc_w.l(iusefp.o)
    0x080006b2   0x0000006e   Code   RO         4580    .text               mf_w.l(fepilogue.o)
    0x08000720   0x000000ba   Code   RO         4582    .text               mf_w.l(depilogue.o)
    0x080007da   0x0000002e   Code   RO         4586    .text               mf_w.l(dscalb.o)
    0x08000808   0x000000a2   Code   RO         4588    .text               mf_w.l(dsqrt.o)
    0x080008aa   0x00000002   PAD
    0x080008ac   0x00000024   Code   RO         4592    .text               mc_w.l(init.o)
    0x080008d0   0x00000056   Code   RO         4602    .text               mc_w.l(__dczerorl2.o)
    0x08000926   0x00000002   PAD
    0x08000928   0x0000006c   Code   RO          611    i.Angle_Optimize    angle.o
    0x08000994   0x00000094   Code   RO         1311    i.AppParamInit      iotask.o
    0x08000a28   0x00000002   Code   RO          448    i.BusFault_Handler  stm32f4xx_it.o
    0x08000a2a   0x00000002   PAD
    0x08000a2c   0x0000000c   Code   RO          449    i.CAN1_RX0_IRQHandler  stm32f4xx_it.o
    0x08000a38   0x0000000c   Code   RO          450    i.CAN1_TX_IRQHandler  stm32f4xx_it.o
    0x08000a44   0x00000024   Code   RO         1238    i.CAN_Receive_Msg   can_send.o
    0x08000a68   0x0000002c   Code   RO         1239    i.CAN_Send_Msg      can_send.o
    0x08000a94   0x0000000c   Code   RO          451    i.DMA2_Stream1_IRQHandler  stm32f4xx_it.o
    0x08000aa0   0x0000000c   Code   RO          452    i.DMA2_Stream2_IRQHandler  stm32f4xx_it.o
    0x08000aac   0x0000000c   Code   RO          453    i.DMA2_Stream6_IRQHandler  stm32f4xx_it.o
    0x08000ab8   0x00000028   Code   RO         3785    i.DMA_CalcBaseAndBitshift  stm32f4xx_hal_dma.o
    0x08000ae0   0x00000054   Code   RO         3786    i.DMA_CheckFifoParam  stm32f4xx_hal_dma.o
    0x08000b34   0x00000028   Code   RO         3787    i.DMA_SetConfig     stm32f4xx_hal_dma.o
    0x08000b5c   0x00000002   Code   RO          454    i.DebugMon_Handler  stm32f4xx_it.o
    0x08000b5e   0x00000016   Code   RO          455    i.EXTI15_10_IRQHandler  stm32f4xx_it.o
    0x08000b74   0x0000009c   Code   RO         1140    i.EncoderProcess    q6623.o
    0x08000c10   0x00000044   Code   RO          231    i.FilerConf         can.o
    0x08000c54   0x000000cc   Code   RO          769    i.GMCalLoop         gimbal.o
    0x08000d20   0x00000010   Code   RO         1141    i.GetEncoderBias    q6623.o
    0x08000d30   0x00000008   Code   RO          874    i.Get_Time_Micros   imu.o
    0x08000d38   0x0000001c   Code   RO          770    i.Gimbal_PitchAngleSet  gimbal.o
    0x08000d54   0x0000003c   Code   RO          771    i.Gimbal_YawAngleSet  gimbal.o
    0x08000d90   0x000000c8   Code   RO         1529    i.HAL_CAN_AddTxMessage  stm32f4xx_hal_can.o
    0x08000e58   0x0000010c   Code   RO         1530    i.HAL_CAN_ConfigFilter  stm32f4xx_hal_can.o
    0x08000f64   0x0000000c   Code   RO          232    i.HAL_CAN_ErrorCallback  can.o
    0x08000f70   0x000000fa   Code   RO         1536    i.HAL_CAN_GetRxMessage  stm32f4xx_hal_can.o
    0x0800106a   0x000001fc   Code   RO         1540    i.HAL_CAN_IRQHandler  stm32f4xx_hal_can.o
    0x08001266   0x0000011a   Code   RO         1541    i.HAL_CAN_Init      stm32f4xx_hal_can.o
    0x08001380   0x00000048   Code   RO          234    i.HAL_CAN_MspInit   can.o
    0x080013c8   0x00000002   Code   RO         1548    i.HAL_CAN_RxFifo0FullCallback  stm32f4xx_hal_can.o
    0x080013ca   0x00000002   PAD
    0x080013cc   0x00000038   Code   RO         1142    i.HAL_CAN_RxFifo0MsgPendingCallback  q6623.o
    0x08001404   0x00000002   Code   RO         1550    i.HAL_CAN_RxFifo1FullCallback  stm32f4xx_hal_can.o
    0x08001406   0x00000002   Code   RO         1551    i.HAL_CAN_RxFifo1MsgPendingCallback  stm32f4xx_hal_can.o
    0x08001408   0x00000002   Code   RO         1552    i.HAL_CAN_SleepCallback  stm32f4xx_hal_can.o
    0x0800140a   0x00000002   PAD
    0x0800140c   0x00000058   Code   RO         1553    i.HAL_CAN_Start     stm32f4xx_hal_can.o
    0x08001464   0x00000002   Code   RO         1555    i.HAL_CAN_TxMailbox0AbortCallback  stm32f4xx_hal_can.o
    0x08001466   0x00000002   Code   RO         1556    i.HAL_CAN_TxMailbox0CompleteCallback  stm32f4xx_hal_can.o
    0x08001468   0x00000002   Code   RO         1557    i.HAL_CAN_TxMailbox1AbortCallback  stm32f4xx_hal_can.o
    0x0800146a   0x00000002   Code   RO         1558    i.HAL_CAN_TxMailbox1CompleteCallback  stm32f4xx_hal_can.o
    0x0800146c   0x00000002   Code   RO         1559    i.HAL_CAN_TxMailbox2AbortCallback  stm32f4xx_hal_can.o
    0x0800146e   0x00000002   Code   RO         1560    i.HAL_CAN_TxMailbox2CompleteCallback  stm32f4xx_hal_can.o
    0x08001470   0x00000002   Code   RO         1562    i.HAL_CAN_WakeUpFromRxMsgCallback  stm32f4xx_hal_can.o
    0x08001472   0x0000008e   Code   RO         3788    i.HAL_DMA_Abort     stm32f4xx_hal_dma.o
    0x08001500   0x00000024   Code   RO         3789    i.HAL_DMA_Abort_IT  stm32f4xx_hal_dma.o
    0x08001524   0x000001a0   Code   RO         3793    i.HAL_DMA_IRQHandler  stm32f4xx_hal_dma.o
    0x080016c4   0x000000d4   Code   RO         3794    i.HAL_DMA_Init      stm32f4xx_hal_dma.o
    0x08001798   0x00000046   Code   RO         3797    i.HAL_DMA_Start     stm32f4xx_hal_dma.o
    0x080017de   0x00000078   Code   RO         3798    i.HAL_DMA_Start_IT  stm32f4xx_hal_dma.o
    0x08001856   0x00000002   PAD
    0x08001858   0x00000024   Code   RO         4225    i.HAL_Delay         stm32f4xx_hal.o
    0x0800187c   0x00000002   Code   RO         3679    i.HAL_GPIO_EXTI_Callback  stm32f4xx_hal_gpio.o
    0x0800187e   0x00000002   PAD
    0x08001880   0x00000018   Code   RO         3680    i.HAL_GPIO_EXTI_IRQHandler  stm32f4xx_hal_gpio.o
    0x08001898   0x000001cc   Code   RO         3681    i.HAL_GPIO_Init     stm32f4xx_hal_gpio.o
    0x08001a64   0x00000008   Code   RO         3684    i.HAL_GPIO_TogglePin  stm32f4xx_hal_gpio.o
    0x08001a6c   0x0000000a   Code   RO         3685    i.HAL_GPIO_WritePin  stm32f4xx_hal_gpio.o
    0x08001a76   0x00000002   PAD
    0x08001a78   0x0000000c   Code   RO         4233    i.HAL_GetTick       stm32f4xx_hal.o
    0x08001a84   0x00000010   Code   RO         4237    i.HAL_IncTick       stm32f4xx_hal.o
    0x08001a94   0x00000034   Code   RO         4238    i.HAL_Init          stm32f4xx_hal.o
    0x08001ac8   0x00000040   Code   RO         4239    i.HAL_InitTick      stm32f4xx_hal.o
    0x08001b08   0x00000084   Code   RO          587    i.HAL_MspInit       stm32f4xx_hal_msp.o
    0x08001b8c   0x00000016   Code   RO         4088    i.HAL_NVIC_EnableIRQ  stm32f4xx_hal_cortex.o
    0x08001ba2   0x00000002   PAD
    0x08001ba4   0x00000040   Code   RO         4094    i.HAL_NVIC_SetPriority  stm32f4xx_hal_cortex.o
    0x08001be4   0x00000024   Code   RO         4095    i.HAL_NVIC_SetPriorityGrouping  stm32f4xx_hal_cortex.o
    0x08001c08   0x00000130   Code   RO         3275    i.HAL_RCC_ClockConfig  stm32f4xx_hal_rcc.o
    0x08001d38   0x0000000c   Code   RO         3280    i.HAL_RCC_GetHCLKFreq  stm32f4xx_hal_rcc.o
    0x08001d44   0x00000020   Code   RO         3282    i.HAL_RCC_GetPCLK1Freq  stm32f4xx_hal_rcc.o
    0x08001d64   0x00000020   Code   RO         3283    i.HAL_RCC_GetPCLK2Freq  stm32f4xx_hal_rcc.o
    0x08001d84   0x00000064   Code   RO         3284    i.HAL_RCC_GetSysClockFreq  stm32f4xx_hal_rcc.o
    0x08001de8   0x0000031c   Code   RO         3287    i.HAL_RCC_OscConfig  stm32f4xx_hal_rcc.o
    0x08002104   0x00000080   Code   RO         1772    i.HAL_SPI_Init      stm32f4xx_hal_spi.o
    0x08002184   0x0000004c   Code   RO          310    i.HAL_SPI_MspInit   spi.o
    0x080021d0   0x000001d8   Code   RO         1781    i.HAL_SPI_TransmitReceive  stm32f4xx_hal_spi.o
    0x080023a8   0x00000018   Code   RO         4097    i.HAL_SYSTICK_CLKSourceConfig  stm32f4xx_hal_cortex.o
    0x080023c0   0x00000002   Code   RO         4098    i.HAL_SYSTICK_Callback  stm32f4xx_hal_cortex.o
    0x080023c2   0x00000028   Code   RO         4099    i.HAL_SYSTICK_Config  stm32f4xx_hal_cortex.o
    0x080023ea   0x00000008   Code   RO         4100    i.HAL_SYSTICK_IRQHandler  stm32f4xx_hal_cortex.o
    0x080023f2   0x00000002   Code   RO         2709    i.HAL_TIMEx_BreakCallback  stm32f4xx_hal_tim_ex.o
    0x080023f4   0x00000002   Code   RO         2710    i.HAL_TIMEx_CommutationCallback  stm32f4xx_hal_tim_ex.o
    0x080023f6   0x00000050   Code   RO         2726    i.HAL_TIMEx_MasterConfigSynchronization  stm32f4xx_hal_tim_ex.o
    0x08002446   0x00000036   Code   RO         2080    i.HAL_TIM_Base_Init  stm32f4xx_hal_tim.o
    0x0800247c   0x00000050   Code   RO          352    i.HAL_TIM_Base_MspInit  tim.o
    0x080024cc   0x00000018   Code   RO         2085    i.HAL_TIM_Base_Start_IT  stm32f4xx_hal_tim.o
    0x080024e4   0x000000f2   Code   RO         2089    i.HAL_TIM_ConfigClockSource  stm32f4xx_hal_tim.o
    0x080025d6   0x00000002   Code   RO         2109    i.HAL_TIM_IC_CaptureCallback  stm32f4xx_hal_tim.o
    0x080025d8   0x00000166   Code   RO         2122    i.HAL_TIM_IRQHandler  stm32f4xx_hal_tim.o
    0x0800273e   0x00000002   Code   RO         2125    i.HAL_TIM_OC_DelayElapsedCallback  stm32f4xx_hal_tim.o
    0x08002740   0x00000002   Code   RO         2152    i.HAL_TIM_PWM_PulseFinishedCallback  stm32f4xx_hal_tim.o
    0x08002742   0x00000002   PAD
    0x08002744   0x000000a0   Code   RO          456    i.HAL_TIM_PeriodElapsedCallback  stm32f4xx_it.o
    0x080027e4   0x00000002   Code   RO         2163    i.HAL_TIM_TriggerCallback  stm32f4xx_hal_tim.o
    0x080027e6   0x00000044   Code   RO         2958    i.HAL_UART_AbortReceive  stm32f4xx_hal_uart.o
    0x0800282a   0x00000058   Code   RO         2967    i.HAL_UART_DMAStop  stm32f4xx_hal_uart.o
    0x08002882   0x00000002   Code   RO         2969    i.HAL_UART_ErrorCallback  stm32f4xx_hal_uart.o
    0x08002884   0x00000110   Code   RO         2972    i.HAL_UART_IRQHandler  stm32f4xx_hal_uart.o
    0x08002994   0x00000062   Code   RO         2973    i.HAL_UART_Init     stm32f4xx_hal_uart.o
    0x080029f6   0x00000002   PAD
    0x080029f8   0x00000138   Code   RO          400    i.HAL_UART_MspInit  usart.o
    0x08002b30   0x00000080   Code   RO         2977    i.HAL_UART_Receive_DMA  stm32f4xx_hal_uart.o
    0x08002bb0   0x00000002   Code   RO         2979    i.HAL_UART_RxCpltCallback  stm32f4xx_hal_uart.o
    0x08002bb2   0x00000002   Code   RO         2980    i.HAL_UART_RxHalfCpltCallback  stm32f4xx_hal_uart.o
    0x08002bb4   0x00000080   Code   RO         2982    i.HAL_UART_Transmit_DMA  stm32f4xx_hal_uart.o
    0x08002c34   0x00000002   Code   RO         2984    i.HAL_UART_TxCpltCallback  stm32f4xx_hal_uart.o
    0x08002c36   0x00000002   Code   RO         2985    i.HAL_UART_TxHalfCpltCallback  stm32f4xx_hal_uart.o
    0x08002c38   0x00000002   Code   RO          457    i.HardFault_Handler  stm32f4xx_it.o
    0x08002c3a   0x00000002   PAD
    0x08002c3c   0x0000005c   Code   RO          235    i.MX_CAN1_Init      can.o
    0x08002c98   0x0000004c   Code   RO          285    i.MX_DMA_Init       dma.o
    0x08002ce4   0x000000c4   Code   RO          207    i.MX_GPIO_Init      gpio.o
    0x08002da8   0x0000005c   Code   RO          311    i.MX_SPI5_Init      spi.o
    0x08002e04   0x00000070   Code   RO          353    i.MX_TIM2_Init      tim.o
    0x08002e74   0x00000058   Code   RO          354    i.MX_TIM6_Init      tim.o
    0x08002ecc   0x00000054   Code   RO          401    i.MX_USART1_UART_Init  usart.o
    0x08002f20   0x00000064   Code   RO          402    i.MX_USART6_UART_Init  usart.o
    0x08002f84   0x00000180   Code   RO         1026    i.Mainifold_Res_Task  minipc.o
    0x08003104   0x00000002   Code   RO          458    i.MemManage_Handler  stm32f4xx_it.o
    0x08003106   0x00000002   PAD
    0x08003108   0x000000e4   Code   RO         1027    i.MiniPC_Smooth     minipc.o
    0x080031ec   0x0000004c   Code   RO         1143    i.Motor_CAN_Receive  q6623.o
    0x08003238   0x0000003c   Code   RO         1145    i.Motor_Init        q6623.o
    0x08003274   0x00000002   Code   RO          459    i.NMI_Handler       stm32f4xx_it.o
    0x08003276   0x00000020   Code   RO         4101    i.NVIC_SetPriority  stm32f4xx_hal_cortex.o
    0x08003296   0x00000094   Code   RO         1069    i.PID_Calc          pid.o
    0x0800332a   0x00000002   PAD
    0x0800332c   0x0000003c   Code   RO         1070    i.PID_Reset         pid.o
    0x08003368   0x00000012   Code   RO         1075    i.PID_Task          pid.o
    0x0800337a   0x00000002   Code   RO          460    i.PendSV_Handler    stm32f4xx_it.o
    0x0800337c   0x00000058   Code   RO          824    i.Ref_Gimbal_Prepare  gimbal_task.o
    0x080033d4   0x000000c4   Code   RO          825    i.Ref_UpdataFromRCStick  gimbal_task.o
    0x08003498   0x00000020   Code   RO         1796    i.SPI_CheckFlag_BSY  stm32f4xx_hal_spi.o
    0x080034b8   0x00000096   Code   RO         1814    i.SPI_WaitFlagStateUntilTimeout  stm32f4xx_hal_spi.o
    0x0800354e   0x00000002   Code   RO          461    i.SVC_Handler       stm32f4xx_it.o
    0x08003550   0x000000ac   Code   RO         1028    i.Send_MiniPC       minipc.o
    0x080035fc   0x0000002c   Code   RO         1336    i.Sensor_Offset_Param_Init  iotask.o
    0x08003628   0x00000040   Code   RO          772    i.SetGimbalMotorOutput  gimbal.o
    0x08003668   0x00000118   Code   RO          613    i.SmoothSigmoid     angle.o
    0x08003780   0x0000000e   Code   RO          462    i.SysTick_Handler   stm32f4xx_it.o
    0x0800378e   0x00000002   PAD
    0x08003790   0x000000a0   Code   RO           13    i.SystemClock_Config  main.o
    0x08003830   0x00000054   Code   RO         4402    i.SystemInit        system_stm32f4xx.o
    0x08003884   0x0000000c   Code   RO          463    i.TIM6_DAC_IRQHandler  stm32f4xx_it.o
    0x08003890   0x000000c0   Code   RO         2164    i.TIM_Base_SetConfig  stm32f4xx_hal_tim.o
    0x08003950   0x00000014   Code   RO         2171    i.TIM_ETR_SetConfig  stm32f4xx_hal_tim.o
    0x08003964   0x00000010   Code   RO         2172    i.TIM_ITRx_SetConfig  stm32f4xx_hal_tim.o
    0x08003974   0x00000022   Code   RO         2178    i.TIM_TI1_ConfigInputStage  stm32f4xx_hal_tim.o
    0x08003996   0x00000024   Code   RO         2180    i.TIM_TI2_ConfigInputStage  stm32f4xx_hal_tim.o
    0x080039ba   0x00000010   Code   RO         2986    i.UART_DMAAbortOnError  stm32f4xx_hal_uart.o
    0x080039ca   0x0000004a   Code   RO         2987    i.UART_DMAError     stm32f4xx_hal_uart.o
    0x08003a14   0x0000003c   Code   RO         2988    i.UART_DMAReceiveCplt  stm32f4xx_hal_uart.o
    0x08003a50   0x0000000a   Code   RO         2990    i.UART_DMARxHalfCplt  stm32f4xx_hal_uart.o
    0x08003a5a   0x0000002e   Code   RO         2992    i.UART_DMATransmitCplt  stm32f4xx_hal_uart.o
    0x08003a88   0x0000000a   Code   RO         2994    i.UART_DMATxHalfCplt  stm32f4xx_hal_uart.o
    0x08003a92   0x0000001c   Code   RO         2996    i.UART_EndRxTransfer  stm32f4xx_hal_uart.o
    0x08003aae   0x00000012   Code   RO         2997    i.UART_EndTxTransfer  stm32f4xx_hal_uart.o
    0x08003ac0   0x0000008c   Code   RO         2998    i.UART_Receive_IT   stm32f4xx_hal_uart.o
    0x08003b4c   0x000002ac   Code   RO         2999    i.UART_SetConfig    stm32f4xx_hal_uart.o
    0x08003df8   0x00000062   Code   RO         3000    i.UART_Transmit_IT  stm32f4xx_hal_uart.o
    0x08003e5a   0x00000002   PAD
    0x08003e5c   0x00000018   Code   RO          464    i.USART1_IRQHandler  stm32f4xx_it.o
    0x08003e74   0x00000060   Code   RO          465    i.USART6_IRQHandler  stm32f4xx_it.o
    0x08003ed4   0x00000002   Code   RO          466    i.UsageFault_Handler  stm32f4xx_it.o
    0x08003ed6   0x00000002   Code   RO           14    i._Error_Handler    main.o
    0x08003ed8   0x00000030   Code   RO         4547    i.__ARM_fpclassify  m_wm.l(fpclassify.o)
    0x08003f08   0x00000360   Code   RO         4436    i.__hardfp_asin     m_wm.l(asin.o)
    0x08004268   0x000002d8   Code   RO         4519    i.__hardfp_atan     m_wm.l(atan.o)
    0x08004540   0x000001f0   Code   RO         4450    i.__hardfp_atan2    m_wm.l(atan2.o)
    0x08004730   0x00000014   Code   RO         4462    i.__hardfp_fabs     m_wm.l(fabs.o)
    0x08004744   0x00000004   PAD
    0x08004748   0x00000c50   Code   RO         4468    i.__hardfp_pow      m_wm.l(pow.o)
    0x08005398   0x0000007a   Code   RO         4482    i.__hardfp_sqrt     m_wm.l(sqrt.o)
    0x08005412   0x000000f8   Code   RO         4549    i.__kernel_poly     m_wm.l(poly.o)
    0x0800550a   0x00000006   PAD
    0x08005510   0x00000030   Code   RO         4533    i.__mathlib_dbl_divzero  m_wm.l(dunder.o)
    0x08005540   0x00000014   Code   RO         4534    i.__mathlib_dbl_infnan  m_wm.l(dunder.o)
    0x08005554   0x00000014   Code   RO         4535    i.__mathlib_dbl_infnan2  m_wm.l(dunder.o)
    0x08005568   0x00000020   Code   RO         4536    i.__mathlib_dbl_invalid  m_wm.l(dunder.o)
    0x08005588   0x00000020   Code   RO         4537    i.__mathlib_dbl_overflow  m_wm.l(dunder.o)
    0x080055a8   0x00000020   Code   RO         4539    i.__mathlib_dbl_underflow  m_wm.l(dunder.o)
    0x080055c8   0x0000000e   Code   RO         4596    i.__scatterload_copy  mc_w.l(handlers.o)
    0x080055d6   0x00000002   Code   RO         4597    i.__scatterload_null  mc_w.l(handlers.o)
    0x080055d8   0x0000000e   Code   RO         4598    i.__scatterload_zeroinit  mc_w.l(handlers.o)
    0x080055e6   0x00000002   PAD
    0x080055e8   0x0000000c   Code   RO         4574    i.__set_errno       mc_w.l(errno.o)
    0x080055f4   0x00000010   Code   RO         4521    i.atan              m_wm.l(atan.o)
    0x08005604   0x0000002e   Code   RO          658    i.bufferPop         bsp_data.o
    0x08005632   0x00000032   Code   RO          659    i.bufferPush        bsp_data.o
    0x08005664   0x00000026   Code   RO          660    i.buffer_multiPop   bsp_data.o
    0x0800568a   0x00000010   Code   RO          661    i.bufferlen         bsp_data.o
    0x0800569a   0x00000018   Code   RO         4464    i.fabs              m_wm.l(fabs.o)
    0x080056b2   0x00000002   PAD
    0x080056b4   0x000000d8   Code   RO          875    i.get_pitchyaw      imu.o
    0x0800578c   0x00000026   Code   RO         1147    i.gimbal_send       q6623.o
    0x080057b2   0x00000002   PAD
    0x080057b4   0x000004aa   Code   RO          876    i.imu_ahrs_update   imu.o
    0x08005c5e   0x00000002   PAD
    0x08005c60   0x00000174   Code   RO          877    i.imu_attitude_update  imu.o
    0x08005dd4   0x00000012   Code   RO          878    i.imu_run           imu.o
    0x08005de6   0x00000002   PAD
    0x08005de8   0x000001cc   Code   RO          879    i.init_quaternion   imu.o
    0x08005fb4   0x0000002c   Code   RO          880    i.inv_sqrt          imu.o
    0x08005fe0   0x0000000a   Code   RO          881    i.ist8310_get_data  imu.o
    0x08005fea   0x00000100   Code   RO          882    i.ist8310_init      imu.o
    0x080060ea   0x00000038   Code   RO          883    i.ist_reg_read_by_mpu  imu.o
    0x08006122   0x00000042   Code   RO          884    i.ist_reg_write_by_mpu  imu.o
    0x08006164   0x000000e4   Code   RO           15    i.main              main.o
    0x08006248   0x00000064   Code   RO          885    i.mpu_device_init   imu.o
    0x080062ac   0x00000100   Code   RO          886    i.mpu_get_data      imu.o
    0x080063ac   0x0000008e   Code   RO          887    i.mpu_master_i2c_auto_read_config  imu.o
    0x0800643a   0x00000002   PAD
    0x0800643c   0x000000a4   Code   RO          888    i.mpu_offset_call   imu.o
    0x080064e0   0x00000050   Code   RO          889    i.mpu_read_byte     imu.o
    0x08006530   0x0000005c   Code   RO          890    i.mpu_read_bytes    imu.o
    0x0800658c   0x0000000a   Code   RO          891    i.mpu_set_accel_fsr  imu.o
    0x08006596   0x0000000a   Code   RO          892    i.mpu_set_gyro_fsr  imu.o
    0x080065a0   0x00000054   Code   RO          893    i.mpu_write_byte    imu.o
    0x080065f4   0x0000008e   Code   RO          715    i.rc_callback_handler  bsp_uart.o
    0x08006682   0x0000006e   Code   RO         4484    i.sqrt              m_wm.l(sqrt.o)
    0x080066f0   0x00000046   Code   RO          716    i.uart_init         bsp_uart.o
    0x08006736   0x00000002   PAD
    0x08006738   0x00000060   Code   RO          717    i.uart_receive_handler  bsp_uart.o
    0x08006798   0x00000014   Data   RO          895    .constdata          imu.o
    0x080067ac   0x00000008   Data   RO         3800    .constdata          stm32f4xx_hal_dma.o
    0x080067b4   0x00000010   Data   RO         4403    .constdata          system_stm32f4xx.o
    0x080067c4   0x00000008   Data   RO         4404    .constdata          system_stm32f4xx.o
    0x080067cc   0x00000004   PAD
    0x080067d0   0x00000050   Data   RO         4439    .constdata          m_wm.l(asin.o)
    0x08006820   0x00000088   Data   RO         4471    .constdata          m_wm.l(pow.o)
    0x080068a8   0x00000098   Data   RO         4522    .constdata          m_wm.l(atan.o)
    0x08006940   0x00000008   Data   RO         4551    .constdata          m_wm.l(qnan.o)
    0x08006948   0x00000020   Data   RO         4594    Region$$Table       anon$$obj.o


    Execution Region RW_IRAM1 (Base: 0x20000000, Size: 0x000011f8, Max: 0x00030000, ABSOLUTE, COMPRESSED[0x0000005c])

    Base Addr    Size         Type   Attr      Idx    E Section Name        Object

    0x20000000   0x00000008   Data   RW          467    .data               stm32f4xx_it.o
    0x20000008   0x00000002   Data   RW          614    .data               angle.o
    0x2000000a   0x00000002   PAD
    0x2000000c   0x00000158   Data   RW          773    .data               gimbal.o
    0x20000164   0x00000070   Data   RW          896    .data               imu.o
    0x200001d4   0x00000014   Data   RW         1030    .data               minipc.o
    0x200001e8   0x00000020   Data   RW         1152    .data               q6623.o
    0x20000208   0x00000008   Data   RW         1241    .data               can_send.o
    0x20000210   0x00000044   Data   RW         1345    .data               iotask.o
    0x20000254   0x0000000c   Data   RW         4245    .data               stm32f4xx_hal.o
    0x20000260   0x00000004   Data   RW         4405    .data               system_stm32f4xx.o
    0x20000264   0x00000004   Data   RW         4575    .data               mc_w.l(errno.o)
    0x20000268   0x00000028   Zero   RW          236    .bss                can.o
    0x20000290   0x00000058   Zero   RW          312    .bss                spi.o
    0x200002e8   0x00000078   Zero   RW          355    .bss                tim.o
    0x20000360   0x000001a0   Zero   RW          403    .bss                usart.o
    0x20000500   0x0000001c   Zero   RW          718    .bss                bsp_uart.o
    0x2000051c   0x00000050   Zero   RW          719    .bss                bsp_uart.o
    0x2000056c   0x00000010   Zero   RW          826    .bss                gimbal_task.o
    0x2000057c   0x0000008c   Zero   RW          894    .bss                imu.o
    0x20000608   0x0000055a   Zero   RW         1029    .bss                minipc.o
    0x20000b62   0x00000002   PAD
    0x20000b64   0x00000018   Zero   RW         1077    .bss                pid.o
    0x20000b7c   0x00000098   Zero   RW         1150    .bss                q6623.o
    0x20000c14   0x00000034   Zero   RW         1240    .bss                can_send.o
    0x20000c48   0x000001ae   Zero   RW         1344    .bss                iotask.o
    0x20000df6   0x00000002   PAD
    0x20000df8   0x00000400   Zero   RW            1    STACK               startup_stm32f427xx.o


==============================================================================

Image component sizes


      Code (inc. data)   RO Data    RW Data    ZI Data      Debug   Object Name

       388         38          0          2          0       2652   angle.o
       150          0          0          0          0       3351   bsp_data.o
       308         10          0          0        108       3726   bsp_uart.o
       244         48          0          0         40       2621   can.o
        80         24          0          8         52       1699   can_send.o
        76          4          0          0          0        738   dma.o
       356         62          0        344          0       4297   gimbal.o
       284         42          0          0         16       1329   gimbal_task.o
       196         18          0          0          0        995   gpio.o
      3638        242         20        112        140      18529   imu.o
       192         26          0         68        430       7852   iotask.o
       390         34          0          0          0     748355   main.o
       784         68          0         20       1370       3694   minipc.o
       226         10          0          0         24       2194   pid.o
       402         54          0         32        152       5484   q6623.o
       168         38          0          0         88       1549   spi.o
        36          8        428          0       1024        820   startup_stm32f427xx.o
       180         28          0         12          0       4477   stm32f4xx_hal.o
      1618          6          0          0          0      12460   stm32f4xx_hal_can.o
       228         14          0          0          0      32005   stm32f4xx_hal_cortex.o
      1160         16          8          0          0       8074   stm32f4xx_hal_dma.o
       504         58          0          0          0       4137   stm32f4xx_hal_gpio.o
       132          6          0          0          0        878   stm32f4xx_hal_msp.o
      1276         86          0          0          0       5520   stm32f4xx_hal_rcc.o
       782          0          0          0          0       4337   stm32f4xx_hal_spi.o
       984         44          0          0          0       9659   stm32f4xx_hal_tim.o
        84          0          0          0          0       2350   stm32f4xx_hal_tim_ex.o
      1976         40          0          0          0      14897   stm32f4xx_hal_uart.o
       404         80          0          8          0      10037   stm32f4xx_it.o
        84         18         24          4          0       1111   system_stm32f4xx.o
       280         54          0          0        120       2163   tim.o
       496        104          0          0        416       2575   usart.o

    ----------------------------------------------------------------------
     18144       1280        516        612       3984     924565   Object Totals
         0          0         32          0          0          0   (incl. Generated)
        38          0          4          2          4          0   (incl. Padding)

    ----------------------------------------------------------------------

      Code (inc. data)   RO Data    RW Data    ZI Data      Debug   Library Member Name

       864         94         80          0          0        280   asin.o
       744        106        152          0          0        352   atan.o
       496         64          0          0          0        192   atan2.o
       184         44          0          0          0        744   dunder.o
        44          0          0          0          0        248   fabs.o
        48          0          0          0          0        124   fpclassify.o
       248          0          0          0          0        152   poly.o
      3152        296        136          0          0        352   pow.o
         0          0          8          0          0          0   qnan.o
       232          0          0          0          0        296   sqrt.o
        86          0          0          0          0          0   __dczerorl2.o
         0          0          0          0          0          0   entry.o
         0          0          0          0          0          0   entry10a.o
         0          0          0          0          0          0   entry11a.o
         8          4          0          0          0          0   entry2.o
         4          0          0          0          0          0   entry5.o
         0          0          0          0          0          0   entry7b.o
         0          0          0          0          0          0   entry8b.o
         8          4          0          0          0          0   entry9a.o
        12          6          0          4          0         68   errno.o
        30          0          0          0          0          0   handlers.o
        36          8          0          0          0         68   init.o
         0          0          0          0          0          0   iusefp.o
        30          0          0          0          0         68   llshl.o
        36          0          0          0          0         68   llsshr.o
        32          0          0          0          0         68   llushr.o
        36          0          0          0          0         68   memcpya.o
        36          0          0          0          0        108   memseta.o
        98          0          0          0          0         92   uldiv.o
        48          0          0          0          0         68   cdrcmple.o
        56          0          0          0          0         88   d2f.o
       334          0          0          0          0        148   dadd.o
       222          0          0          0          0        100   ddiv.o
       186          0          0          0          0        176   depilogue.o
        34          0          0          0          0         76   dflti.o
       228          0          0          0          0         96   dmul.o
        46          0          0          0          0         80   dscalb.o
       162          0          0          0          0        100   dsqrt.o
        38          0          0          0          0         68   f2d.o
       110          0          0          0          0        168   fepilogue.o

    ----------------------------------------------------------------------
      7948        626        376          4          0       4516   Library Totals
        20          0          0          0          0          0   (incl. Padding)

    ----------------------------------------------------------------------

      Code (inc. data)   RO Data    RW Data    ZI Data      Debug   Library Name

      6012        604        376          0          0       2740   m_wm.l
       452         22          0          4          0        608   mc_w.l
      1464          0          0          0          0       1168   mf_w.l

    ----------------------------------------------------------------------
      7948        626        376          4          0       4516   Library Totals

    ----------------------------------------------------------------------

==============================================================================


      Code (inc. data)   RO Data    RW Data    ZI Data      Debug   

     26092       1906        892        616       3984     910033   Grand Totals
     26092       1906        892         92       3984     910033   ELF Image Totals (compressed)
     26092       1906        892         92          0          0   ROM Totals

==============================================================================

    Total RO  Size (Code + RO Data)                26984 (  26.35kB)
    Total RW  Size (RW Data + ZI Data)              4600 (   4.49kB)
    Total ROM Size (Code + RO Data + RW Data)      27076 (  26.44kB)

==============================================================================

